[2025-10-16 17:01:11,271] WARNING django.server (213) — "GET /api/carts/q%C6%B0 HTTP/1.1" 404 17600
[2025-10-16 17:01:31,447] WARNING django.server (213) — "GET /api/orders/q%C6%B0e HTTP/1.1" 404 17596
[2025-10-16 17:06:03,752] WARNING django.server (213) — "GET /api/carts/%C6%B0qer HTTP/1.1" 404 17608
[2025-10-16 17:30:00,504] WARNING django.server (213) — "GET /api/reviews/ HTTP/1.1" 401 144
[2025-10-16 17:30:10,665] WARNING django.server (213) — "GET /api/reviews/ HTTP/1.1" 401 144
[2025-10-16 17:30:13,412] WARNING django.server (213) — "GET /api/reviews/ HTTP/1.1" 401 144
[2025-10-16 17:30:48,783] WARNING django.server (213) — "GET /api/customers/me/ HTTP/1.1" 401 144
[2025-10-16 17:31:03,827] WARNING django.server (213) — "GET /api/reviews/ HTTP/1.1" 401 144
[2025-10-16 17:31:42,531] WARNING django.server (213) — "GET /api/reviews/ HTTP/1.1" 401 144
[2025-10-16 17:31:43,817] WARNING django.server (213) — "GET /api/reviews/ HTTP/1.1" 401 144
[2025-10-16 17:32:33,717] WARNING django.server (213) — "GET /api/reviews/ HTTP/1.1" 404 17484
[2025-10-16 17:32:34,800] WARNING django.server (213) — "GET /api/reviews/ HTTP/1.1" 404 17484
[2025-10-16 17:32:37,325] WARNING django.server (213) — "GET /api/reviews/1/ HTTP/1.1" 401 144
[2025-10-16 17:32:38,546] WARNING django.server (213) — "GET /api/reviews/1/ HTTP/1.1" 401 144
[2025-10-16 17:32:39,414] WARNING django.server (213) — "GET /api/reviews/1/ HTTP/1.1" 401 144
[2025-10-16 17:34:11,959] WARNING django.server (213) — "GET /api/reviews/1/ HTTP/1.1" 401 144
[2025-10-16 17:34:13,193] WARNING django.server (213) — "GET /api/reviews/1/ HTTP/1.1" 401 144
[2025-10-16 17:34:28,405] WARNING django.server (213) — "GET /api/reviews/1/ HTTP/1.1" 401 144
[2025-10-16 17:34:29,516] WARNING django.server (213) — "GET /api/reviews/1/ HTTP/1.1" 401 144
[2025-10-16 17:34:53,077] WARNING django.server (213) — "GET /api/reviews/1/ HTTP/1.1" 401 144
[2025-10-16 17:35:16,235] ERROR django.request (253) — Internal Server Error: /api/reviews/1/
[2025-10-16 17:35:16,236] ERROR django.server (213) — "GET /api/reviews/1/ HTTP/1.1" 500 104
[2025-10-16 17:35:20,592] ERROR django.request (253) — Internal Server Error: /api/reviews/2/
[2025-10-16 17:35:20,594] ERROR django.server (213) — "GET /api/reviews/2/ HTTP/1.1" 500 104
[2025-10-16 17:35:22,015] ERROR django.request (253) — Internal Server Error: /api/reviews/3/
[2025-10-16 17:35:22,016] ERROR django.server (213) — "GET /api/reviews/3/ HTTP/1.1" 500 104
[2025-10-16 17:35:50,807] ERROR django.request (253) — Internal Server Error: /api/reviews/3/
[2025-10-16 17:35:50,808] ERROR django.server (213) — "GET /api/reviews/3/ HTTP/1.1" 500 104
[2025-10-16 17:36:34,394] ERROR django.request (253) — Internal Server Error: /api/reviews/3/
[2025-10-16 17:36:34,396] ERROR django.server (213) — "GET /api/reviews/3/ HTTP/1.1" 500 104
[2025-10-16 17:36:36,070] ERROR django.request (253) — Internal Server Error: /api/reviews/3/
[2025-10-16 17:36:36,071] ERROR django.server (213) — "GET /api/reviews/3/ HTTP/1.1" 500 104
[2025-10-16 17:36:37,670] ERROR django.request (253) — Internal Server Error: /api/reviews/3213/
[2025-10-16 17:36:37,671] ERROR django.server (213) — "GET /api/reviews/3213/ HTTP/1.1" 500 104
[2025-10-16 17:36:39,181] WARNING django.server (213) — "GET /api/reviews/3213/q%C6%B0e HTTP/1.1" 404 17528
[2025-10-16 17:36:45,235] WARNING django.server (213) — "GET /api/reviews/ HTTP/1.1" 404 17484
[2025-10-16 17:36:47,153] WARNING django.server (213) — "GET /api/reviews/%C6%B0/ HTTP/1.1" 404 17504
[2025-10-16 17:36:49,807] ERROR django.request (253) — Internal Server Error: /api/reviews/2/
[2025-10-16 17:36:49,808] ERROR django.server (213) — "GET /api/reviews/2/ HTTP/1.1" 500 104
[2025-10-16 17:36:50,900] ERROR django.request (253) — Internal Server Error: /api/reviews/2/
[2025-10-16 17:36:50,900] ERROR django.server (213) — "GET /api/reviews/2/ HTTP/1.1" 500 104
[2025-10-16 17:37:36,376] ERROR django.request (253) — Internal Server Error: /api/reviews/2/
[2025-10-16 17:37:36,377] ERROR django.server (213) — "GET /api/reviews/2/ HTTP/1.1" 500 104
[2025-10-16 17:37:39,797] ERROR django.request (253) — Internal Server Error: /api/reviews/1/
[2025-10-16 17:37:39,799] ERROR django.server (213) — "GET /api/reviews/1/ HTTP/1.1" 500 104
[2025-10-16 17:38:26,085] WARNING django.server (213) — "GET /api/reviews// HTTP/1.1" 404 17488
[2025-10-16 17:41:23,688] WARNING django.server (213) — "GET /api/reviews/3/%C6%B0e HTTP/1.1" 404 17512
[2025-10-17 08:57:51,963] WARNING django.server (213) — "GET /api/reviews/1/wqe HTTP/1.1" 404 17505
[2025-10-17 10:56:39,125] WARNING django.server (213) — "GET /favicon.ico HTTP/1.1" 404 4055
[2025-10-17 14:00:31,683] WARNING django.server (213) — "GET /api/books/categories/ HTTP/1.1" 401 144
[2025-10-17 14:00:54,821] ERROR django.request (253) — Internal Server Error: /api/books/categories/
[2025-10-17 14:00:54,821] ERROR django.server (213) — "GET /api/books/categories/ HTTP/1.1" 500 104
[2025-10-17 14:00:56,466] ERROR django.request (253) — Internal Server Error: /api/books/categories/
[2025-10-17 14:00:56,467] ERROR django.server (213) — "GET /api/books/categories/ HTTP/1.1" 500 104
[2025-10-17 14:01:39,926] ERROR django.request (253) — Internal Server Error: /api/books/categories/
[2025-10-17 14:01:39,928] ERROR django.server (213) — "GET /api/books/categories/ HTTP/1.1" 500 104
[2025-10-17 14:01:41,044] ERROR django.request (253) — Internal Server Error: /api/books/categories/
[2025-10-17 14:01:41,045] ERROR django.server (213) — "GET /api/books/categories/ HTTP/1.1" 500 104
[2025-10-17 14:01:50,485] ERROR django.request (253) — Internal Server Error: /api/books/categories/
[2025-10-17 14:01:50,485] ERROR django.server (213) — "GET /api/books/categories/ HTTP/1.1" 500 104
[2025-10-17 14:01:57,344] ERROR django.request (253) — Internal Server Error: /api/books/categories/
[2025-10-17 14:01:57,346] ERROR django.server (213) — "GET /api/books/categories/ HTTP/1.1" 500 104
[2025-10-17 14:45:56,955] WARNING django.server (213) — "GET /api/categories/ HTTP/1.1" 404 4067
[2025-10-17 14:45:56,959] WARNING django.server (213) — "GET /api/categories/ HTTP/1.1" 404 4067
[2025-10-17 14:46:23,152] WARNING django.server (213) — "GET /api/categories/ HTTP/1.1" 404 4067
[2025-10-17 14:46:23,175] WARNING django.server (213) — "GET /api/categories/ HTTP/1.1" 404 4067
[2025-10-17 14:53:36,622] WARNING django.server (213) — "GET /api/categories/ HTTP/1.1" 404 4067
[2025-10-17 14:53:36,646] WARNING django.server (213) — "GET /api/categories/ HTTP/1.1" 404 4067
[2025-10-17 14:53:41,475] WARNING django.server (213) — "GET /api/categories/ HTTP/1.1" 404 4067
[2025-10-17 14:53:41,487] WARNING django.server (213) — "GET /api/categories/ HTTP/1.1" 404 4067
[2025-10-17 14:53:44,854] WARNING django.server (213) — "GET /api/categories/ HTTP/1.1" 404 4067
[2025-10-17 14:53:44,875] WARNING django.server (213) — "GET /api/categories/ HTTP/1.1" 404 4067
[2025-10-17 14:53:47,088] WARNING django.server (213) — "GET /api/categories/ HTTP/1.1" 404 4067
[2025-10-17 14:53:47,108] WARNING django.server (213) — "GET /api/categories/ HTTP/1.1" 404 4067
[2025-10-17 14:53:51,290] WARNING django.server (213) — "GET /api/categories/ HTTP/1.1" 404 4067
[2025-10-17 14:53:51,308] WARNING django.server (213) — "GET /api/categories/ HTTP/1.1" 404 4067
[2025-10-17 14:55:23,223] WARNING django.server (213) — "GET /api/categories/ HTTP/1.1" 404 4067
[2025-10-17 14:55:23,234] WARNING django.server (213) — "GET /api/categories/ HTTP/1.1" 404 4067
[2025-10-17 14:56:41,076] WARNING django.server (213) — "GET /api/categories/ HTTP/1.1" 404 4067
[2025-10-17 14:56:41,085] WARNING django.server (213) — "GET /api/categories/ HTTP/1.1" 404 4067
[2025-10-17 14:56:45,618] WARNING django.server (213) — "GET /api/categories/ HTTP/1.1" 404 4067
[2025-10-17 14:56:45,639] WARNING django.server (213) — "GET /api/categories/ HTTP/1.1" 404 4067
[2025-10-17 14:56:47,901] WARNING django.server (213) — "GET /api/categories/ HTTP/1.1" 404 4067
[2025-10-17 14:56:47,914] WARNING django.server (213) — "GET /api/categories/ HTTP/1.1" 404 4067
[2025-10-17 14:57:09,219] WARNING django.server (213) — "GET /api/categories/ HTTP/1.1" 404 4067
[2025-10-17 14:57:09,244] WARNING django.server (213) — "GET /api/categories/ HTTP/1.1" 404 4067
[2025-10-17 14:58:13,658] WARNING django.server (213) — "GET /api/categories/ HTTP/1.1" 404 4067
[2025-10-17 14:58:13,672] WARNING django.server (213) — "GET /api/categories/ HTTP/1.1" 404 4067
[2025-10-17 15:03:42,493] WARNING django.server (213) — "GET /api/categories/ HTTP/1.1" 404 4067
[2025-10-17 15:03:42,523] WARNING django.server (213) — "GET /api/categories/ HTTP/1.1" 404 4067
[2025-10-17 15:04:15,412] WARNING django.server (213) — "GET /api/categories/ HTTP/1.1" 404 4067
[2025-10-17 15:04:15,438] WARNING django.server (213) — "GET /api/categories/ HTTP/1.1" 404 4067
[2025-10-17 15:09:15,003] WARNING django.server (213) — "GET /api/categories/ HTTP/1.1" 404 4067
[2025-10-17 15:09:15,024] WARNING django.server (213) — "GET /api/categories/ HTTP/1.1" 404 4067
[2025-10-17 15:09:25,038] WARNING django.server (213) — "GET /api/categories/ HTTP/1.1" 404 4067
[2025-10-17 15:09:25,179] WARNING django.server (213) — "GET /favicon.ico HTTP/1.1" 404 4055
[2025-10-17 15:11:05,864] WARNING django.server (213) — "GET /api/categories/ HTTP/1.1" 404 4067
[2025-10-17 15:30:12,339] WARNING django.server (213) — "GET /favicon.ico HTTP/1.1" 404 4055
[2025-10-17 15:53:30,260] ERROR django.request (253) — Internal Server Error: /api/books/1/
[2025-10-17 15:53:30,260] ERROR django.server (213) — "GET /api/books/1/ HTTP/1.1" 500 104
[2025-10-17 16:32:15,884] WARNING django.server (213) — "GET /api/books/undefined/ HTTP/1.1" 404 4744
[2025-10-17 16:32:15,893] WARNING django.server (213) — "GET /api/books/undefined/ HTTP/1.1" 404 4744
[2025-10-17 16:35:25,428] WARNING django.server (213) — "GET /api/books/undefined/ HTTP/1.1" 404 4744
[2025-10-17 16:35:25,436] WARNING django.server (213) — "GET /api/books/undefined/ HTTP/1.1" 404 4744
[2025-10-17 16:35:41,893] WARNING django.server (213) — "GET /api/books/undefined/ HTTP/1.1" 404 4744
[2025-10-17 16:35:41,903] WARNING django.server (213) — "GET /api/books/undefined/ HTTP/1.1" 404 4744
[2025-10-17 16:36:48,170] WARNING django.server (213) — "GET /api/books/undefined/ HTTP/1.1" 404 4744
[2025-10-17 16:36:48,184] WARNING django.server (213) — "GET /api/books/undefined/ HTTP/1.1" 404 4744
[2025-10-17 16:46:51,955] WARNING django.server (213) — "GET /favicon.ico HTTP/1.1" 404 4055
[2025-10-20 08:42:11,348] WARNING django.server (213) — "GET /favicon.ico HTTP/1.1" 404 4055
[2025-10-20 09:32:00,727] WARNING django.server (213) — "GET /api/media/books/main/2025/10/nha-gia-kim-1.jpg HTTP/1.1" 404 4160
[2025-10-20 09:32:00,733] WARNING django.server (213) — "GET /api/media/books/gallery/2025/10/images_1.jpg HTTP/1.1" 404 4154
[2025-10-20 09:32:00,736] WARNING django.server (213) — "GET /api/media/books/gallery/2025/10/Nh%C3%A0_gi%E1%BA%A3_kim_s%C3%A1ch.jpg HTTP/1.1" 404 4204
[2025-10-20 09:32:00,743] WARNING django.server (213) — "GET /api/media/books/gallery/2025/10/images.jpg HTTP/1.1" 404 4148
[2025-10-20 09:32:00,753] WARNING django.server (213) — "GET /api/media/books/gallery/2025/10/2022_12_23_11_18_14_6-390x510_ZRFqZ95.jpg HTTP/1.1" 404 4241
[2025-10-20 09:32:00,754] WARNING django.server (213) — "GET /api/media/books/gallery/2025/10/nha_0.jpg HTTP/1.1" 404 4145
[2025-10-20 09:32:00,761] WARNING django.server (213) — "GET /api/media/books/gallery/2025/10/2022_12_23_11_18_14_5-390x510_aF3r3yu.jpg HTTP/1.1" 404 4241
[2025-10-20 09:32:00,773] WARNING django.server (213) — "GET /api/media/books/gallery/2025/10/img_68d6a6e6a5552.jpg HTTP/1.1" 404 4181
[2025-10-20 09:32:00,773] WARNING django.server (213) — "GET /api/media/books/gallery/2025/10/cccd2.jpg HTTP/1.1" 404 4145
[2025-10-20 09:32:14,146] WARNING django.server (213) — "GET /api/media/books/main/2025/10/nha-gia-kim-1.jpg HTTP/1.1" 404 4160
[2025-10-20 09:32:14,158] WARNING django.server (213) — "GET /api/media/books/gallery/2025/10/images_1.jpg HTTP/1.1" 404 4154
[2025-10-20 09:32:14,162] WARNING django.server (213) — "GET /api/media/books/gallery/2025/10/Nh%C3%A0_gi%E1%BA%A3_kim_s%C3%A1ch.jpg HTTP/1.1" 404 4204
[2025-10-20 09:32:14,185] WARNING django.server (213) — "GET /api/media/books/gallery/2025/10/images.jpg HTTP/1.1" 404 4148
[2025-10-20 09:32:14,195] WARNING django.server (213) — "GET /api/media/books/gallery/2025/10/nha_0.jpg HTTP/1.1" 404 4145
[2025-10-20 09:32:14,195] WARNING django.server (213) — "GET /api/media/books/gallery/2025/10/2022_12_23_11_18_14_6-390x510_ZRFqZ95.jpg HTTP/1.1" 404 4241
[2025-10-20 09:32:14,215] WARNING django.server (213) — "GET /api/media/books/gallery/2025/10/img_68d6a6e6a5552.jpg HTTP/1.1" 404 4181
[2025-10-20 09:32:14,215] WARNING django.server (213) — "GET /api/media/books/gallery/2025/10/2022_12_23_11_18_14_5-390x510_aF3r3yu.jpg HTTP/1.1" 404 4241
[2025-10-20 09:32:14,228] WARNING django.server (213) — "GET /api/media/books/gallery/2025/10/cccd2.jpg HTTP/1.1" 404 4145
[2025-10-20 09:51:35,307] WARNING django.server (213) — "POST /api/customers/login/ HTTP/1.1" 400 83
[2025-10-20 09:52:12,632] WARNING django.server (213) — "POST /api/customers/logout/ HTTP/1.1" 400 54
[2025-10-20 09:52:27,564] WARNING django.server (213) — "POST /api/customers/logout/ HTTP/1.1" 400 54
[2025-10-20 09:52:33,347] WARNING django.server (213) — "POST /api/customers/logout/ HTTP/1.1" 400 54
[2025-10-20 09:52:39,583] WARNING django.server (213) — "POST /api/customers/logout/ HTTP/1.1" 400 54
[2025-10-20 09:53:01,802] WARNING django.server (213) — "POST /api/customers/logout/ HTTP/1.1" 400 54
[2025-10-20 10:12:40,059] WARNING django.server (213) — "POST /api/customers/logout/ HTTP/1.1" 400 54
[2025-10-20 10:12:43,570] WARNING django.server (213) — "POST /api/customers/logout/ HTTP/1.1" 400 86
[2025-10-20 10:13:41,229] WARNING django.server (213) — "POST /api/customers/logout/ HTTP/1.1" 400 86
[2025-10-20 10:14:59,083] WARNING django.server (213) — "POST /api/customers/logout/ HTTP/1.1" 400 86
[2025-10-20 10:33:57,053] WARNING django.server (213) — "POST /api/customers/logout/ HTTP/1.1" 401 144
[2025-10-20 10:33:59,737] WARNING django.server (213) — "POST /api/customers/logout/ HTTP/1.1" 401 144
[2025-10-20 10:34:20,010] WARNING django.server (213) — "GET /api/boorks/?category=&search=a&order=desc HTTP/1.1" 404 4093
[2025-10-20 10:42:41,117] WARNING django.server (213) — "GET /static/core/images/book.png HTTP/1.1" 404 130
[2025-10-20 10:42:41,117] WARNING django.server (213) — "GET /static/vendor/adminlte/css/adminlte.min.css HTTP/1.1" 404 130
[2025-10-20 10:42:41,117] WARNING django.server (213) — "GET /static/vendor/fontawesome-free/css/all.min.css HTTP/1.1" 404 130
[2025-10-20 10:42:41,118] WARNING django.server (213) — "GET /static/jazzmin/css/main.css HTTP/1.1" 404 130
[2025-10-20 10:42:41,123] WARNING django.server (213) — "GET /static/jazzmin/js/main.js HTTP/1.1" 404 130
[2025-10-20 10:42:41,123] WARNING django.server (213) — "GET /static/admin/js/vendor/jquery/jquery.js HTTP/1.1" 404 130
[2025-10-20 10:42:41,126] WARNING django.server (213) — "GET /static/vendor/adminlte/js/adminlte.min.js HTTP/1.1" 404 130
[2025-10-20 10:42:41,126] WARNING django.server (213) — "GET /static/vendor/bootstrap/js/bootstrap.min.js HTTP/1.1" 404 130
[2025-10-20 10:42:41,414] WARNING django.server (213) — "GET /static/core/images/icon.png HTTP/1.1" 404 130
[2025-10-20 10:42:42,316] WARNING django.server (213) — "GET /static/vendor/adminlte/css/adminlte.min.css HTTP/1.1" 404 130
[2025-10-20 10:42:42,317] WARNING django.server (213) — "GET /static/jazzmin/css/main.css HTTP/1.1" 404 130
[2025-10-20 10:42:42,321] WARNING django.server (213) — "GET /static/admin/js/vendor/jquery/jquery.js HTTP/1.1" 404 130
[2025-10-20 10:42:42,322] WARNING django.server (213) — "GET /static/vendor/fontawesome-free/css/all.min.css HTTP/1.1" 404 130
[2025-10-20 10:42:42,322] WARNING django.server (213) — "GET /static/core/images/book.png HTTP/1.1" 404 130
[2025-10-20 10:42:42,326] WARNING django.server (213) — "GET /static/vendor/adminlte/js/adminlte.min.js HTTP/1.1" 404 130
[2025-10-20 10:42:42,326] WARNING django.server (213) — "GET /static/vendor/bootstrap/js/bootstrap.min.js HTTP/1.1" 404 130
[2025-10-20 10:42:42,328] WARNING django.server (213) — "GET /static/jazzmin/js/main.js HTTP/1.1" 404 130
[2025-10-20 10:42:42,848] WARNING django.server (213) — "GET /static/core/images/icon.png HTTP/1.1" 404 130
[2025-10-20 10:42:48,491] WARNING django.server (213) — "GET /media/books/gallery/2025/10/2022_12_23_11_18_14_6-390x510_ZRFqZ95.jpg HTTP/1.1" 404 130
[2025-10-20 10:42:48,498] WARNING django.server (213) — "GET /media/books/gallery/2025/10/2022_12_23_11_18_14_5-390x510_aF3r3yu.jpg HTTP/1.1" 404 130
[2025-10-20 10:42:48,505] WARNING django.server (213) — "GET /media/books/gallery/2025/10/img_68d6a6e6a5552.jpg HTTP/1.1" 404 130
[2025-10-20 10:42:48,505] WARNING django.server (213) — "GET /media/books/gallery/2025/10/cccd2.jpg HTTP/1.1" 404 130
[2025-10-20 10:42:56,024] WARNING django.server (213) — "GET /static/jazzmin/css/main.css HTTP/1.1" 404 130
[2025-10-20 10:42:56,024] WARNING django.server (213) — "GET /static/admin/js/vendor/jquery/jquery.js HTTP/1.1" 404 130
[2025-10-20 10:42:56,026] WARNING django.server (213) — "GET /static/core/images/book.png HTTP/1.1" 404 130
[2025-10-20 10:42:56,027] WARNING django.server (213) — "GET /static/vendor/adminlte/css/adminlte.min.css HTTP/1.1" 404 130
[2025-10-20 10:42:56,027] WARNING django.server (213) — "GET /static/vendor/fontawesome-free/css/all.min.css HTTP/1.1" 404 130
[2025-10-20 10:42:56,031] WARNING django.server (213) — "GET /static/jazzmin/js/main.js HTTP/1.1" 404 130
[2025-10-20 10:42:56,032] WARNING django.server (213) — "GET /static/vendor/adminlte/js/adminlte.min.js HTTP/1.1" 404 130
[2025-10-20 10:42:56,040] WARNING django.server (213) — "GET /static/vendor/bootstrap/js/bootstrap.min.js HTTP/1.1" 404 130
[2025-10-20 10:42:56,048] WARNING django.server (213) — "GET /static/core/images/icon.png HTTP/1.1" 404 130
[2025-10-20 10:43:01,547] WARNING django.server (213) — "GET /static/vendor/fontawesome-free/css/all.min.css HTTP/1.1" 404 130
[2025-10-20 10:43:01,550] WARNING django.server (213) — "GET /static/vendor/adminlte/css/adminlte.min.css HTTP/1.1" 404 130
[2025-10-20 10:43:01,552] WARNING django.server (213) — "GET /static/jazzmin/css/main.css HTTP/1.1" 404 130
[2025-10-20 10:43:01,554] WARNING django.server (213) — "GET /static/admin/js/vendor/jquery/jquery.min.js HTTP/1.1" 404 130
[2025-10-20 10:43:01,568] WARNING django.server (213) — "GET /static/admin/js/vendor/xregexp/xregexp.min.js HTTP/1.1" 404 130
[2025-10-20 10:43:01,573] WARNING django.server (213) — "GET /static/core/images/book.png HTTP/1.1" 404 130
[2025-10-20 10:43:01,587] WARNING django.server (213) — "GET /static/admin/js/vendor/jquery/jquery.js HTTP/1.1" 404 130
[2025-10-20 10:43:01,588] WARNING django.server (213) — "GET /static/vendor/bootstrap/js/bootstrap.min.js HTTP/1.1" 404 130
[2025-10-20 10:43:01,588] WARNING django.server (213) — "GET /static/jazzmin/js/main.js HTTP/1.1" 404 130
[2025-10-20 10:43:01,590] WARNING django.server (213) — "GET /static/vendor/adminlte/js/adminlte.min.js HTTP/1.1" 404 130
[2025-10-20 10:43:04,815] WARNING django.server (213) — "GET /static/admin/js/vendor/jquery/jquery.min.js HTTP/1.1" 404 130
[2025-10-20 10:43:04,815] WARNING django.server (213) — "GET /static/vendor/adminlte/css/adminlte.min.css HTTP/1.1" 404 130
[2025-10-20 10:43:04,816] WARNING django.server (213) — "GET /static/admin/js/vendor/xregexp/xregexp.min.js HTTP/1.1" 404 130
[2025-10-20 10:43:04,816] WARNING django.server (213) — "GET /static/vendor/fontawesome-free/css/all.min.css HTTP/1.1" 404 130
[2025-10-20 10:43:04,819] WARNING django.server (213) — "GET /static/jazzmin/css/main.css HTTP/1.1" 404 130
[2025-10-20 10:43:04,820] WARNING django.server (213) — "GET /static/admin/js/vendor/jquery/jquery.js HTTP/1.1" 404 130
[2025-10-20 10:43:04,829] WARNING django.server (213) — "GET /static/vendor/adminlte/js/adminlte.min.js HTTP/1.1" 404 130
[2025-10-20 10:43:04,829] WARNING django.server (213) — "GET /static/core/images/book.png HTTP/1.1" 404 130
[2025-10-20 10:43:04,834] WARNING django.server (213) — "GET /static/vendor/bootstrap/js/bootstrap.min.js HTTP/1.1" 404 130
[2025-10-20 10:43:04,834] WARNING django.server (213) — "GET /static/jazzmin/js/main.js HTTP/1.1" 404 130
[2025-10-20 10:44:14,571] WARNING django.server (213) — "GET /api/books/9qewr/ HTTP/1.1" 404 130
[2025-10-20 10:44:21,573] WARNING django.server (213) — "GET /apie/books/9/ HTTP/1.1" 404 130
[2025-10-20 10:48:39,103] WARNING django.server (213) — "GET /static/vendor/adminlte/css/adminlte.min.css HTTP/1.1" 404 130
[2025-10-20 10:48:39,104] WARNING django.server (213) — "GET /static/vendor/fontawesome-free/css/all.min.css HTTP/1.1" 404 130
[2025-10-20 10:48:39,111] WARNING django.server (213) — "GET /static/jazzmin/css/main.css HTTP/1.1" 404 130
[2025-10-20 10:48:39,112] WARNING django.server (213) — "GET /static/admin/js/vendor/jquery/jquery.min.js HTTP/1.1" 404 130
[2025-10-20 10:48:39,114] WARNING django.server (213) — "GET /static/core/images/book.png HTTP/1.1" 404 130
[2025-10-20 10:48:39,114] WARNING django.server (213) — "GET /static/admin/js/vendor/xregexp/xregexp.min.js HTTP/1.1" 404 130
[2025-10-20 10:48:39,197] WARNING django.server (213) — "GET /static/vendor/bootstrap/js/bootstrap.min.js HTTP/1.1" 404 130
[2025-10-20 10:48:39,198] WARNING django.server (213) — "GET /static/admin/js/vendor/jquery/jquery.js HTTP/1.1" 404 130
[2025-10-20 10:48:39,204] WARNING django.server (213) — "GET /static/vendor/adminlte/js/adminlte.min.js HTTP/1.1" 404 130
[2025-10-20 10:48:39,209] WARNING django.server (213) — "GET /static/jazzmin/js/main.js HTTP/1.1" 404 130
[2025-10-20 10:50:20,578] WARNING django.server (213) — "GET /api/customers/me/ HTTP/1.1" 401 144
[2025-10-20 10:50:21,445] WARNING django.server (213) — "GET /api/customers/me/ HTTP/1.1" 401 144
[2025-10-20 10:51:23,116] WARNING django.server (213) — "GET /api/customers/m%C6%B0e/ HTTP/1.1" 404 130
[2025-10-20 10:51:57,929] WARNING django.server (213) — "GET /api/customers/me/ HTTP/1.1" 401 144
[2025-10-20 10:52:23,622] WARNING django.server (213) — "POST /api/customers/logout/ HTTP/1.1" 401 144
[2025-10-20 10:52:24,840] WARNING django.server (213) — "POST /api/customers/logout/ HTTP/1.1" 401 144
[2025-10-20 10:52:39,454] WARNING django.server (213) — "GET /api/customers/login/ HTTP/1.1" 405 121
[2025-10-20 10:53:51,315] WARNING django.server (213) — "POST /api/customers/logout/ HTTP/1.1" 400 86
[2025-10-20 10:54:12,938] WARNING django.server (213) — "POST /api/customers/refresh-token/ HTTP/1.1" 400 84
[2025-10-20 10:54:14,750] WARNING django.server (213) — "POST /api/customers/refresh-token/ HTTP/1.1" 400 84
[2025-10-20 10:54:57,830] WARNING django.server (213) — "GET /api/customers/me/ HTTP/1.1" 401 144
[2025-10-20 10:55:15,780] WARNING django.server (213) — "GET /api/c%C6%B0ustomers/me/ HTTP/1.1" 404 130
[2025-10-20 11:06:32,344] WARNING django.server (213) — "GET /api/bookse/2/ HTTP/1.1" 404 130
[2025-10-20 11:06:32,345] WARNING django.server (213) — "GET /api/bookse/2/ HTTP/1.1" 404 130
[2025-10-20 11:06:33,445] WARNING django.server (213) — "GET /api/bookse/2/ HTTP/1.1" 404 130
[2025-10-20 11:06:33,447] WARNING django.server (213) — "GET /api/bookse/2/ HTTP/1.1" 404 130
[2025-10-20 11:06:36,608] WARNING django.server (213) — "GET /api/bookse/3/ HTTP/1.1" 404 130
[2025-10-20 11:06:36,611] WARNING django.server (213) — "GET /api/bookse/3/ HTTP/1.1" 404 130
[2025-10-20 11:06:47,191] WARNING django.server (213) — "GET /api/bookse/1/ HTTP/1.1" 404 130
[2025-10-20 11:06:47,193] WARNING django.server (213) — "GET /api/bookse/1/ HTTP/1.1" 404 130
[2025-10-20 11:06:49,098] WARNING django.server (213) — "GET /api/bookse/1/ HTTP/1.1" 404 130
[2025-10-20 11:06:49,206] WARNING django.server (213) — "GET /favicon.ico HTTP/1.1" 404 130
[2025-10-20 11:06:56,114] WARNING django.server (213) — "GET /api/bookse/1/ HTTP/1.1" 404 130
[2025-10-20 11:06:56,117] WARNING django.server (213) — "GET /api/bookse/1/ HTTP/1.1" 404 130
[2025-10-20 11:07:09,386] WARNING django.server (213) — "GET /media/books/gallery/2025/10/2022_12_23_11_18_14_6-390x510_ZRFqZ95.jpg HTTP/1.1" 404 130
[2025-10-20 11:07:09,391] WARNING django.server (213) — "GET /media/books/gallery/2025/10/2022_12_23_11_18_14_5-390x510_aF3r3yu.jpg HTTP/1.1" 404 130
[2025-10-20 11:07:09,392] WARNING django.server (213) — "GET /media/books/gallery/2025/10/img_68d6a6e6a5552.jpg HTTP/1.1" 404 130
[2025-10-20 11:07:09,397] WARNING django.server (213) — "GET /media/books/gallery/2025/10/cccd2.jpg HTTP/1.1" 404 130
[2025-10-20 11:07:10,493] WARNING django.server (213) — "GET /media/books/gallery/2025/10/2022_12_23_11_18_14_6-390x510_ZRFqZ95.jpg HTTP/1.1" 404 130
[2025-10-20 11:07:10,495] WARNING django.server (213) — "GET /media/books/gallery/2025/10/2022_12_23_11_18_14_5-390x510_aF3r3yu.jpg HTTP/1.1" 404 130
[2025-10-20 11:07:10,498] WARNING django.server (213) — "GET /media/books/gallery/2025/10/img_68d6a6e6a5552.jpg HTTP/1.1" 404 130
[2025-10-20 11:07:10,499] WARNING django.server (213) — "GET /media/books/gallery/2025/10/cccd2.jpg HTTP/1.1" 404 130
[2025-10-20 11:07:13,782] WARNING django.server (213) — "GET /media/books/gallery/2025/10/cccd2.jpg HTTP/1.1" 404 130
[2025-10-20 11:07:22,619] WARNING django.server (213) — "GET /media/books/gallery/2025/10/img_68d6a6e6a5552.jpg HTTP/1.1" 404 130
[2025-10-20 11:07:29,463] WARNING django.server (213) — "GET /media/books/gallery/2025/10/7a210f53-c2cc-4a52-94e5-fd6ed05fe2d4.png HTTP/1.1" 404 130
[2025-10-20 11:07:29,464] WARNING django.server (213) — "GET /media/books/gallery/2025/10/1586509960554.png HTTP/1.1" 404 130
[2025-10-20 11:07:31,919] WARNING django.server (213) — "GET /media/books/gallery/2025/10/1586509960554.png HTTP/1.1" 404 130
[2025-10-20 11:07:54,457] WARNING django.server (213) — "GET /media/books/gallery/2025/10/2022_12_23_11_18_14_6-390x510_ZRFqZ95.jpg HTTP/1.1" 404 130
[2025-10-20 11:07:54,464] WARNING django.server (213) — "GET /media/books/gallery/2025/10/2022_12_23_11_18_14_5-390x510_aF3r3yu.jpg HTTP/1.1" 404 130
[2025-10-20 11:07:54,465] WARNING django.server (213) — "GET /media/books/gallery/2025/10/cccd2.jpg HTTP/1.1" 404 130
[2025-10-20 11:07:54,465] WARNING django.server (213) — "GET /media/books/gallery/2025/10/img_68d6a6e6a5552.jpg HTTP/1.1" 404 130
[2025-10-20 11:08:02,145] WARNING django.server (213) — "GET /media/books/gallery/2025/10/7a210f53-c2cc-4a52-94e5-fd6ed05fe2d4.png HTTP/1.1" 404 130
[2025-10-20 11:08:02,148] WARNING django.server (213) — "GET /media/books/gallery/2025/10/1586509960554.png HTTP/1.1" 404 130
[2025-10-20 11:23:01,915] WARNING django.server (213) — "GET /api/boosks/3/ HTTP/1.1" 404 4061
[2025-10-20 11:23:01,923] WARNING django.server (213) — "GET /api/boosks/3/ HTTP/1.1" 404 4061
[2025-10-20 11:23:05,035] WARNING django.server (213) — "GET /api/boosks/3/ HTTP/1.1" 404 4061
[2025-10-20 11:23:05,045] WARNING django.server (213) — "GET /api/boosks/3/ HTTP/1.1" 404 4061
[2025-10-20 11:23:08,220] WARNING django.server (213) — "GET /api/boosks/3/ HTTP/1.1" 404 4061
[2025-10-20 11:23:08,232] WARNING django.server (213) — "GET /api/boosks/3/ HTTP/1.1" 404 4061
[2025-10-20 11:23:38,599] WARNING django.server (213) — "GET /api/bosoks/3/ HTTP/1.1" 404 4061
[2025-10-20 11:23:38,610] WARNING django.server (213) — "GET /api/bosoks/3/ HTTP/1.1" 404 4061
[2025-10-20 11:24:05,516] WARNING django.server (213) — "GET /api/bosoks/3/ HTTP/1.1" 404 130
[2025-10-20 11:24:05,522] WARNING django.server (213) — "GET /api/bosoks/3/ HTTP/1.1" 404 130
[2025-10-20 11:24:10,814] WARNING django.server (213) — "GET /api/bosoks/3/ HTTP/1.1" 404 130
[2025-10-20 11:24:10,817] WARNING django.server (213) — "GET /api/bosoks/3/ HTTP/1.1" 404 130
[2025-10-20 11:24:29,276] WARNING django.server (213) — "GET /api/bosoks/3/ HTTP/1.1" 404 4061
[2025-10-20 11:24:29,293] WARNING django.server (213) — "GET /api/bosoks/3/ HTTP/1.1" 404 4061
[2025-10-20 11:24:42,364] WARNING django.server (213) — "GET /api/bookws/?category=&order=&page=1 HTTP/1.1" 404 4087
[2025-10-20 11:25:07,035] WARNING django.server (213) — "GET /api/bosoks/10/ HTTP/1.1" 404 4064
[2025-10-20 11:25:07,045] WARNING django.server (213) — "GET /api/bosoks/10/ HTTP/1.1" 404 4064
[2025-10-20 11:25:09,573] WARNING django.server (213) — "GET /api/bosoks/10/ HTTP/1.1" 404 4064
[2025-10-20 11:25:09,582] WARNING django.server (213) — "GET /api/bosoks/10/ HTTP/1.1" 404 4064
[2025-10-20 11:25:32,268] WARNING django.server (213) — "GET /favicon.ico HTTP/1.1" 404 4055
[2025-10-20 11:43:54,419] WARNING django.server (213) — "POST /api/books/ HTTP/1.1" 405 122
[2025-10-20 11:43:54,421] WARNING django.server (213) — "POST /api/books/ HTTP/1.1" 405 122
[2025-10-20 13:29:51,959] WARNING django.server (213) — "POST /api/customers/login/ HTTP/1.1" 400 61
[2025-10-20 13:30:01,316] WARNING django.server (213) — "POST /api/customers/login/ HTTP/1.1" 400 61
[2025-10-20 13:30:12,017] WARNING django.server (213) — "POST /api/customers/login/ HTTP/1.1" 400 61
[2025-10-20 13:30:29,123] WARNING django.server (213) — "POST /api/customers/login/ HTTP/1.1" 400 61
[2025-10-20 13:30:37,547] WARNING django.server (213) — "POST /api/customers/login/ HTTP/1.1" 400 61
[2025-10-20 13:30:47,685] WARNING django.server (213) — "POST /api/customers/login/ HTTP/1.1" 400 61
[2025-10-20 13:32:26,642] WARNING django.server (213) — "POST /api/customers/login/ HTTP/1.1" 400 61
[2025-10-20 13:34:18,989] WARNING django.server (213) — "POST /api/customers/login/ HTTP/1.1" 400 61
[2025-10-20 13:34:28,152] WARNING django.server (213) — "GET /api/customers/login/ HTTP/1.1" 405 6210
[2025-10-20 13:37:01,629] WARNING django.server (213) — "POST /api/customers/login/ HTTP/1.1" 400 61
[2025-10-20 13:37:04,905] WARNING django.server (213) — "GET /api/customers/login/ HTTP/1.1" 405 6210
[2025-10-20 13:37:58,892] WARNING django.server (213) — "POST /api/customers/login/ HTTP/1.1" 400 61
[2025-10-20 13:38:15,362] WARNING django.server (213) — "POST /api/customers/login/ HTTP/1.1" 400 61
[2025-10-20 13:44:18,695] WARNING django.server (213) — "POST /api/customers/login/ HTTP/1.1" 403 85
[2025-10-20 13:44:36,941] WARNING django.server (213) — "POST /api/customers/login/ HTTP/1.1" 403 85
[2025-10-20 13:45:05,942] WARNING django.server (213) — "POST /api/customers/login/ HTTP/1.1" 403 85
[2025-10-20 13:45:49,497] WARNING django.server (213) — "POST /api/customers/logout/ HTTP/1.1" 401 129
[2025-10-20 13:45:49,505] WARNING django.server (213) — "POST /api/customers/refresh-token/ HTTP/1.1" 400 56
[2025-10-20 13:49:45,042] WARNING django.server (213) — "POST /api/customers/logout/ HTTP/1.1" 401 129
[2025-10-20 13:49:45,052] WARNING django.server (213) — "POST /api/customers/refresh-token/ HTTP/1.1" 400 56
[2025-10-20 13:50:05,558] WARNING django.server (213) — "POST /api/customers/logout/ HTTP/1.1" 401 129
[2025-10-20 13:50:05,565] WARNING django.server (213) — "POST /api/customers/refresh-token/ HTTP/1.1" 400 56
[2025-10-20 13:52:57,367] WARNING django.server (213) — "POST /api/customers/login/ HTTP/1.1" 403 85
[2025-10-20 13:53:11,343] WARNING django.server (213) — "POST /api/customers/login/ HTTP/1.1" 400 83
[2025-10-20 13:54:19,144] WARNING django.server (213) — "POST /api/customers/logout/ HTTP/1.1" 401 129
[2025-10-20 13:54:19,153] WARNING django.server (213) — "POST /api/customers/refresh-token/ HTTP/1.1" 400 56
[2025-10-20 13:54:22,204] WARNING django.server (213) — "POST /api/customers/login/ HTTP/1.1" 403 85
[2025-10-20 13:54:23,165] WARNING django.server (213) — "POST /api/customers/login/ HTTP/1.1" 403 85
[2025-10-20 13:54:23,771] WARNING django.server (213) — "POST /api/customers/login/ HTTP/1.1" 403 85
[2025-10-20 13:56:18,994] WARNING django.server (213) — "POST /api/customers/logout/ HTTP/1.1" 401 129
[2025-10-20 13:56:19,004] WARNING django.server (213) — "POST /api/customers/refresh-token/ HTTP/1.1" 400 56
[2025-10-20 13:56:29,868] WARNING django.server (213) — "POST /api/customers/login/ HTTP/1.1" 403 85
[2025-10-20 13:57:02,514] WARNING django.server (213) — "POST /api/customers/logout/ HTTP/1.1" 401 129
[2025-10-20 13:57:02,524] WARNING django.server (213) — "POST /api/customers/refresh-token/ HTTP/1.1" 400 56
[2025-10-20 13:57:16,609] WARNING django.server (213) — "POST /api/customers/logout/ HTTP/1.1" 401 129
[2025-10-20 13:57:16,618] WARNING django.server (213) — "POST /api/customers/refresh-token/ HTTP/1.1" 400 56
[2025-10-20 13:57:50,063] WARNING django.server (213) — "POST /api/customers/login/ HTTP/1.1" 403 85
[2025-10-20 13:58:30,834] WARNING django.server (213) — "POST /api/customers/logout/ HTTP/1.1" 401 129
[2025-10-20 13:58:30,843] WARNING django.server (213) — "POST /api/customers/refresh-token/ HTTP/1.1" 400 56
[2025-10-20 14:05:10,891] WARNING django.server (213) — "POST /api/customers/logout/ HTTP/1.1" 401 129
[2025-10-20 14:05:10,901] WARNING django.server (213) — "POST /api/customers/refresh-token/ HTTP/1.1" 400 56
[2025-10-20 14:05:17,137] WARNING django.server (213) — "POST /api/customers/login/ HTTP/1.1" 403 85
[2025-10-20 14:05:18,677] WARNING django.server (213) — "POST /api/customers/login/ HTTP/1.1" 403 85
[2025-10-20 14:05:29,015] WARNING django.server (213) — "POST /api/customers/login/ HTTP/1.1" 400 83
[2025-10-20 14:05:41,785] WARNING django.server (213) — "POST /api/customers/logout/ HTTP/1.1" 401 129
[2025-10-20 14:05:41,794] WARNING django.server (213) — "POST /api/customers/refresh-token/ HTTP/1.1" 400 56
[2025-10-20 14:05:46,256] WARNING django.server (213) — "POST /api/customers/login/ HTTP/1.1" 403 85
[2025-10-20 14:05:57,809] WARNING django.server (213) — "POST /api/customers/logout/ HTTP/1.1" 401 129
[2025-10-20 14:05:57,818] WARNING django.server (213) — "POST /api/customers/refresh-token/ HTTP/1.1" 400 56
[2025-10-20 14:06:06,122] WARNING django.server (213) — "POST /api/customers/login/ HTTP/1.1" 403 85
[2025-10-20 14:06:07,212] WARNING django.server (213) — "POST /api/customers/login/ HTTP/1.1" 403 85
[2025-10-20 14:07:39,311] WARNING django.server (213) — "POST /api/customers/logout/ HTTP/1.1" 401 129
[2025-10-20 14:07:39,320] WARNING django.server (213) — "POST /api/customers/refresh-token/ HTTP/1.1" 400 56
[2025-10-20 14:08:14,956] WARNING django.server (213) — "POST /api/customers/login/ HTTP/1.1" 400 83
[2025-10-20 14:10:16,538] WARNING django.server (213) — "POST /api/customers/logout/ HTTP/1.1" 401 129
[2025-10-20 14:10:16,549] WARNING django.server (213) — "POST /api/customers/refresh-token/ HTTP/1.1" 400 56
[2025-10-20 14:12:24,729] WARNING django.server (213) — "POST /api/customers/logout/ HTTP/1.1" 401 129
[2025-10-20 14:12:24,735] WARNING django.server (213) — "POST /api/customers/refresh-token/ HTTP/1.1" 400 56
[2025-10-20 14:13:20,609] WARNING django.server (213) — "POST /api/customers/logout/ HTTP/1.1" 401 129
[2025-10-20 14:13:20,613] WARNING django.server (213) — "POST /api/customers/refresh-token/ HTTP/1.1" 400 56
[2025-10-20 14:16:18,804] WARNING django.server (213) — "POST /api/customers/logout/ HTTP/1.1" 401 129
[2025-10-20 14:16:18,815] WARNING django.server (213) — "POST /api/customers/refresh-token/ HTTP/1.1" 400 56
[2025-10-20 14:16:28,234] WARNING django.server (213) — "POST /api/customers/logout/ HTTP/1.1" 401 129
[2025-10-20 14:16:28,241] WARNING django.server (213) — "POST /api/customers/refresh-token/ HTTP/1.1" 400 56
[2025-10-20 14:25:46,025] WARNING django.server (213) — "POST /api/customers/logout/ HTTP/1.1" 401 129
[2025-10-20 14:25:46,034] WARNING django.server (213) — "POST /api/customers/refresh-token/ HTTP/1.1" 400 56
[2025-10-20 14:27:15,871] WARNING django.server (213) — "GET /api/customers/me/ HTTP/1.1" 401 5154
[2025-10-20 14:31:54,589] WARNING django.server (213) — "POST /api/customers/logout/ HTTP/1.1" 401 129
[2025-10-20 14:31:54,603] WARNING django.server (213) — "POST /api/customers/refresh-token/ HTTP/1.1" 400 56
[2025-10-20 14:31:57,769] WARNING django.server (213) — "POST /api/customers/login/ HTTP/1.1" 403 85
[2025-10-20 14:32:06,651] WARNING django.server (213) — "POST /api/customers/login/ HTTP/1.1" 403 85
[2025-10-20 14:32:15,789] WARNING django.server (213) — "POST /api/customers/login/ HTTP/1.1" 403 85
[2025-10-20 14:32:46,283] WARNING django.server (213) — "POST /api/customers/login/ HTTP/1.1" 400 83
[2025-10-20 14:32:50,573] WARNING django.server (213) — "POST /api/customers/login/ HTTP/1.1" 400 83
[2025-10-20 14:36:28,477] WARNING django.server (213) — "POST /api/customers/login/ HTTP/1.1" 400 83
[2025-10-20 14:39:19,445] WARNING django.server (213) — "POST /api/customers/logout/ HTTP/1.1" 401 129
[2025-10-20 14:39:19,451] WARNING django.server (213) — "POST /api/customers/refresh-token/ HTTP/1.1" 400 56
[2025-10-20 14:39:26,011] WARNING django.server (213) — "POST /api/customers/login/ HTTP/1.1" 400 83
[2025-10-20 14:44:32,350] WARNING django.server (213) — "POST /api/customers/logout/ HTTP/1.1" 401 129
[2025-10-20 14:44:32,357] WARNING django.server (213) — "POST /api/customers/refresh-token/ HTTP/1.1" 400 56
[2025-10-20 14:44:36,369] WARNING django.server (213) — "POST /api/customers/login/ HTTP/1.1" 403 85
[2025-10-20 14:44:43,703] WARNING django.server (213) — "POST /api/customers/login/ HTTP/1.1" 400 83
[2025-10-20 14:45:00,753] WARNING django.server (213) — "POST /api/customers/logout/ HTTP/1.1" 401 129
[2025-10-20 14:45:00,762] WARNING django.server (213) — "POST /api/customers/refresh-token/ HTTP/1.1" 400 56
[2025-10-20 14:45:25,150] WARNING django.server (213) — "POST /api/customers/login/ HTTP/1.1" 403 85
[2025-10-20 14:45:26,025] WARNING django.server (213) — "POST /api/customers/login/ HTTP/1.1" 403 85
[2025-10-20 14:45:26,746] WARNING django.server (213) — "POST /api/customers/login/ HTTP/1.1" 403 85
[2025-10-20 14:45:26,903] WARNING django.server (213) — "POST /api/customers/login/ HTTP/1.1" 403 85
[2025-10-20 14:45:27,063] WARNING django.server (213) — "POST /api/customers/login/ HTTP/1.1" 403 85
[2025-10-20 14:45:27,208] WARNING django.server (213) — "POST /api/customers/login/ HTTP/1.1" 403 85
[2025-10-20 14:45:55,061] WARNING django.server (213) — "POST /api/customers/logout/ HTTP/1.1" 401 129
[2025-10-20 14:45:55,071] WARNING django.server (213) — "POST /api/customers/refresh-token/ HTTP/1.1" 400 56
[2025-10-20 14:53:27,828] WARNING django.server (213) — "POST /api/customers/logout/ HTTP/1.1" 401 129
[2025-10-20 14:53:27,839] WARNING django.server (213) — "POST /api/customers/refresh-token/ HTTP/1.1" 400 56
[2025-10-20 14:54:56,006] WARNING django.server (213) — "POST /api/customers/login/ HTTP/1.1" 403 85
[2025-10-20 14:55:02,630] WARNING django.server (213) — "POST /api/customers/login/ HTTP/1.1" 400 83
[2025-10-20 14:55:15,734] WARNING django.server (213) — "POST /api/customers/logout/ HTTP/1.1" 401 129
[2025-10-20 14:55:15,748] WARNING django.server (213) — "POST /api/customers/refresh-token/ HTTP/1.1" 400 56
[2025-10-20 15:01:01,202] WARNING django.server (213) — "POST /api/customers/login/ HTTP/1.1" 403 85
[2025-10-20 15:01:13,023] WARNING django.server (213) — "POST /api/customers/logout/ HTTP/1.1" 401 129
[2025-10-20 15:01:13,032] WARNING django.server (213) — "POST /api/customers/refresh-token/ HTTP/1.1" 400 56
[2025-10-20 15:18:10,490] WARNING django.server (213) — "POST /api/customers/logout/ HTTP/1.1" 401 129
[2025-10-20 15:18:10,500] WARNING django.server (213) — "POST /api/customers/refresh-token/ HTTP/1.1" 400 56
[2025-10-20 15:18:37,332] WARNING django.server (213) — "POST /api/customers/login/ HTTP/1.1" 400 83
[2025-10-20 15:39:34,254] WARNING django.server (213) — "GET /.well-known/appspecific/com.chrome.devtools.json HTTP/1.1" 404 4166
[2025-10-20 15:42:27,871] WARNING django.server (213) — "POST /api/customers/logout/ HTTP/1.1" 401 129
[2025-10-20 15:42:27,876] WARNING django.server (213) — "POST /api/customers/refresh-token/ HTTP/1.1" 400 56
[2025-10-20 16:30:26,414] WARNING django.server (213) — "GET /api/customers/me/ HTTP/1.1" 401 144
[2025-10-20 16:30:26,426] WARNING django.server (213) — "GET /api/customers/me/ HTTP/1.1" 401 144
[2025-10-20 16:30:26,432] WARNING django.server (213) — "POST /api/customers/refresh-token/ HTTP/1.1" 400 56
[2025-10-20 16:30:26,441] WARNING django.server (213) — "POST /api/customers/refresh-token/ HTTP/1.1" 400 56
[2025-10-20 16:45:53,038] WARNING django.server (213) — "POST /api/customers/login/ HTTP/1.1" 400 83
[2025-10-20 16:48:08,006] WARNING django.server (213) — "POST /api/customers/logout/ HTTP/1.1" 401 129
[2025-10-20 16:48:08,025] WARNING django.server (213) — "POST /api/customers/refresh-token/ HTTP/1.1" 400 56
[2025-10-20 16:51:31,788] WARNING django.server (213) — "GET /favicon.ico HTTP/1.1" 404 4055
[2025-10-20 16:51:43,753] WARNING django.server (213) — "POST /api/customers/logout/ HTTP/1.1" 401 129
[2025-10-20 16:51:43,760] WARNING django.server (213) — "POST /api/customers/refresh-token/ HTTP/1.1" 400 56
[2025-10-20 16:51:50,903] WARNING django.server (213) — "POST /api/customers/login/ HTTP/1.1" 400 83
[2025-10-20 17:00:50,409] WARNING django.server (213) — "POST /api/customers/logout/ HTTP/1.1" 401 129
[2025-10-20 17:00:50,419] WARNING django.server (213) — "POST /api/customers/refresh-token/ HTTP/1.1" 400 56
[2025-10-20 17:11:15,145] WARNING django.server (213) — "POST /api/customers/register/ HTTP/1.1" 400 60
[2025-10-20 17:11:21,496] WARNING django.server (213) — "POST /api/customers/register/ HTTP/1.1" 400 60
[2025-10-20 17:11:26,987] WARNING django.server (213) — "POST /api/customers/register/ HTTP/1.1" 400 60
[2025-10-20 17:11:30,793] WARNING django.server (213) — "POST /api/customers/register/ HTTP/1.1" 400 60
[2025-10-20 17:11:31,806] WARNING django.server (213) — "POST /api/customers/register/ HTTP/1.1" 400 60
[2025-10-20 17:11:36,893] WARNING django.server (213) — "POST /api/customers/register/ HTTP/1.1" 400 60
[2025-10-20 17:12:02,868] WARNING django.server (213) — "POST /api/customers/register/ HTTP/1.1" 400 60
[2025-10-20 17:12:11,282] WARNING django.server (213) — "POST /api/customers/register/ HTTP/1.1" 400 60
[2025-10-20 17:12:22,636] WARNING django.server (213) — "POST /api/customers/register/ HTTP/1.1" 400 60
[2025-10-20 17:12:38,890] WARNING django.server (213) — "POST /api/customers/register/ HTTP/1.1" 400 60
[2025-10-20 17:13:22,041] WARNING django.server (213) — "POST /api/customers/login/ HTTP/1.1" 403 85
[2025-10-20 17:19:54,399] WARNING django.server (213) — "POST /api/customers/login/ HTTP/1.1" 403 85
[2025-10-20 17:19:55,948] WARNING django.server (213) — "POST /api/customers/login/ HTTP/1.1" 403 85
[2025-10-20 17:19:56,557] WARNING django.server (213) — "POST /api/customers/login/ HTTP/1.1" 403 85
[2025-10-20 17:39:26,519] WARNING django.server (213) — "GET /api/customers/me/ HTTP/1.1" 401 144
[2025-10-20 17:39:26,522] WARNING django.server (213) — "GET /api/customers/me/ HTTP/1.1" 401 144
[2025-10-20 17:39:26,525] WARNING django.server (213) — "POST /api/customers/refresh-token/ HTTP/1.1" 400 56
[2025-10-20 17:39:26,528] WARNING django.server (213) — "POST /api/customers/refresh-token/ HTTP/1.1" 400 56
[2025-10-20 17:41:40,028] WARNING django.server (213) — "GET /api/customers/me/ HTTP/1.1" 401 144
[2025-10-20 17:41:40,032] WARNING django.server (213) — "GET /api/customers/me/ HTTP/1.1" 401 144
[2025-10-20 17:41:40,038] WARNING django.server (213) — "POST /api/customers/refresh-token/ HTTP/1.1" 400 56
[2025-10-20 17:41:40,038] WARNING django.server (213) — "POST /api/customers/refresh-token/ HTTP/1.1" 400 56
[2025-10-20 17:41:49,048] WARNING django.server (213) — "POST /api/customers/login/ HTTP/1.1" 400 83
[2025-10-21 08:35:35,646] WARNING django.server (213) — "GET /api/customers/me/ HTTP/1.1" 401 144
[2025-10-21 08:35:35,653] WARNING django.server (213) — "GET /api/customers/me/ HTTP/1.1" 401 144
[2025-10-21 08:35:35,672] WARNING django.server (213) — "POST /api/customers/refresh-token/ HTTP/1.1" 400 56
[2025-10-21 08:35:35,677] WARNING django.server (213) — "POST /api/customers/refresh-token/ HTTP/1.1" 400 56
[2025-10-21 08:51:32,013] WARNING django.server (213) — "GET /api/customers/me/ HTTP/1.1" 401 144
[2025-10-21 08:51:32,026] WARNING django.server (213) — "POST /api/customers/refresh-token/ HTTP/1.1" 400 56
[2025-10-21 08:51:32,181] WARNING django.server (213) — "GET /api/customers/me/ HTTP/1.1" 401 144
[2025-10-21 09:08:18,049] WARNING django.server (213) — "GET /api/customers/me/ HTTP/1.1" 401 144
[2025-10-21 09:08:18,052] WARNING django.server (213) — "GET /api/customers/me/ HTTP/1.1" 401 144
[2025-10-21 09:08:18,065] WARNING django.server (213) — "POST /api/customers/refresh-token/ HTTP/1.1" 400 56
[2025-10-21 09:08:18,068] WARNING django.server (213) — "POST /api/customers/refresh-token/ HTTP/1.1" 400 56
[2025-10-21 09:11:26,124] WARNING django.server (213) — "PUT /api/customers/update/ HTTP/1.1" 405 121
[2025-10-21 09:12:08,150] WARNING django.server (213) — "PATCH /api/customers/update/ HTTP/1.1" 400 86
[2025-10-21 09:13:52,092] WARNING django.server (213) — "PUT /api/customers/update/ HTTP/1.1" 405 121
[2025-10-21 09:14:10,033] WARNING django.server (213) — "PATCH /api/customers/update/ HTTP/1.1" 400 86
[2025-10-21 09:16:23,974] WARNING django.server (213) — "POST /api/customers/logout/ HTTP/1.1" 401 129
[2025-10-21 09:16:23,999] WARNING django.server (213) — "POST /api/customers/refresh-token/ HTTP/1.1" 400 56
[2025-10-21 09:21:32,698] WARNING django.server (213) — "PATCH /api/customers/update/ HTTP/1.1" 400 86
[2025-10-21 09:23:24,262] WARNING django.server (213) — "PATCH /api/customers/update/ HTTP/1.1" 400 86
[2025-10-21 09:26:12,849] WARNING django.server (213) — "PATCH /api/customers/update/ HTTP/1.1" 401 129
[2025-10-21 09:26:12,860] WARNING django.server (213) — "POST /api/customers/refresh-token/ HTTP/1.1" 400 56
[2025-10-21 09:26:40,890] WARNING django.server (213) — "PATCH /api/customers/update/ HTTP/1.1" 401 129
[2025-10-21 09:26:40,898] WARNING django.server (213) — "POST /api/customers/refresh-token/ HTTP/1.1" 400 56
[2025-10-21 09:29:36,065] WARNING django.server (213) — "PATCH /api/customers/update/ HTTP/1.1" 401 129
[2025-10-21 09:29:36,073] WARNING django.server (213) — "POST /api/customers/refresh-token/ HTTP/1.1" 400 56
[2025-10-21 09:38:45,433] WARNING django.server (213) — "PATCH /api/customers/update/ HTTP/1.1" 401 129
[2025-10-21 09:39:26,485] WARNING django.server (213) — "PATCH /api/customers/update/ HTTP/1.1" 401 129
[2025-10-21 09:39:41,592] WARNING django.server (213) — "PATCH /api/customers/update/ HTTP/1.1" 401 129
[2025-10-21 09:45:47,221] WARNING django.server (213) — "PATCH /api/customers/update/ HTTP/1.1" 400 86
[2025-10-21 09:45:53,398] WARNING django.server (213) — "PATCH /api/customers/update/ HTTP/1.1" 400 86
[2025-10-21 09:50:53,451] WARNING django.server (213) — "GET /media/z6974701234242_c0f211f491b2d88b6986d38f1ad442db.jpg HTTP/1.1" 404 4292
[2025-10-21 09:50:57,901] WARNING django.server (213) — "GET /media/z6974701234242_c0f211f491b2d88b6986d38f1ad442db.jpg HTTP/1.1" 404 4292
[2025-10-21 09:50:58,130] WARNING django.server (213) — "GET /favicon.ico HTTP/1.1" 404 4055
[2025-10-21 09:51:14,490] WARNING django.server (213) — "GET /media/z6974701234242_c0f211f491b2d88b6986d38f1ad442db.jpg HTTP/1.1" 404 4292
[2025-10-21 09:51:17,938] WARNING django.server (213) — "GET /media/z6974701234242_c0f211f491b2d88b6986d38f1ad442db.jpg HTTP/1.1" 404 4292
[2025-10-21 09:51:20,929] WARNING django.server (213) — "GET /media/z6974701234242_c0f211f491b2d88b6986d38f1ad442db.jpg HTTP/1.1" 404 4292
[2025-10-21 09:52:15,357] WARNING django.server (213) — "GET /media/z6974701234242_c0f211f491b2d88b6986d38f1ad442db.jpg HTTP/1.1" 404 4292
[2025-10-21 09:52:19,112] WARNING django.server (213) — "GET /media/z6974701234242_c0f211f491b2d88b6986d38f1ad442db.jpg HTTP/1.1" 404 4292
[2025-10-21 09:52:21,448] WARNING django.server (213) — "GET /media/z6974701234242_c0f211f491b2d88b6986d38f1ad442db.jpg HTTP/1.1" 404 4292
[2025-10-21 09:53:14,928] WARNING django.server (213) — "GET /media/z6974701234242_c0f211f491b2d88b6986d38f1ad442db.jpg HTTP/1.1" 404 4292
[2025-10-21 09:53:23,855] WARNING django.server (213) — "GET /media/z6974701234242_c0f211f491b2d88b6986d38f1ad442db.jpg HTTP/1.1" 404 4292
[2025-10-21 09:53:27,274] WARNING django.server (213) — "GET /media/z6974701234242_c0f211f491b2d88b6986d38f1ad442db.jpg HTTP/1.1" 404 4292
[2025-10-21 09:55:49,104] WARNING django.server (213) — "GET /media/z6974701234242_c0f211f491b2d88b6986d38f1ad442db.jpg HTTP/1.1" 404 4292
[2025-10-21 09:55:50,421] WARNING django.server (213) — "GET /media/z6974701234242_c0f211f491b2d88b6986d38f1ad442db.jpg HTTP/1.1" 404 4292
[2025-10-21 09:55:53,448] WARNING django.server (213) — "GET /media/z6974701234242_c0f211f491b2d88b6986d38f1ad442db.jpg HTTP/1.1" 404 4292
[2025-10-21 10:38:03,639] WARNING django.server (213) — "GET /api/customers/me/ HTTP/1.1" 401 144
[2025-10-21 10:38:03,648] WARNING django.server (213) — "GET /api/customers/me/ HTTP/1.1" 401 144
[2025-10-21 10:38:03,656] WARNING django.server (213) — "POST /api/customers/refresh-token/ HTTP/1.1" 401 144
[2025-10-21 10:38:03,661] WARNING django.server (213) — "POST /api/customers/refresh-token/ HTTP/1.1" 401 144
[2025-10-21 10:45:34,663] WARNING django.server (213) — "GET /api/customers/me/ HTTP/1.1" 401 144
[2025-10-21 10:45:34,670] WARNING django.server (213) — "GET /api/customers/me/ HTTP/1.1" 401 144
[2025-10-21 10:45:34,678] WARNING django.server (213) — "POST /api/customers/refresh-token/ HTTP/1.1" 401 144
[2025-10-21 10:45:34,686] WARNING django.server (213) — "POST /api/customers/refresh-token/ HTTP/1.1" 401 144
[2025-10-21 10:53:25,246] WARNING django.server (213) — "GET /api/customers/me/ HTTP/1.1" 401 144
[2025-10-21 10:53:25,254] WARNING django.server (213) — "GET /api/customers/me/ HTTP/1.1" 401 144
[2025-10-21 10:53:25,254] WARNING django.server (213) — "POST /api/customers/refresh-token/ HTTP/1.1" 401 144
[2025-10-21 10:53:25,257] WARNING django.server (213) — "POST /api/customers/refresh-token/ HTTP/1.1" 401 144
[2025-10-21 10:57:05,154] WARNING django.server (213) — "GET /api/customers/me/ HTTP/1.1" 401 144
[2025-10-21 10:57:05,161] WARNING django.server (213) — "GET /api/customers/me/ HTTP/1.1" 401 144
[2025-10-21 10:57:05,172] WARNING django.server (213) — "POST /api/customers/refresh-token/ HTTP/1.1" 401 144
[2025-10-21 10:57:05,172] WARNING django.server (213) — "POST /api/customers/refresh-token/ HTTP/1.1" 401 144
[2025-10-21 10:58:31,988] WARNING django.server (213) — "GET /api/customers/me/ HTTP/1.1" 401 144
[2025-10-21 10:58:31,992] WARNING django.server (213) — "GET /api/customers/me/ HTTP/1.1" 401 144
[2025-10-21 10:58:32,004] WARNING django.server (213) — "POST /api/customers/refresh-token/ HTTP/1.1" 401 144
[2025-10-21 10:58:32,005] WARNING django.server (213) — "POST /api/customers/refresh-token/ HTTP/1.1" 401 144
[2025-10-21 11:01:19,079] WARNING django.server (213) — "GET /favicon.ico HTTP/1.1" 404 4055
[2025-10-21 11:08:36,893] WARNING django.server (213) — "GET /api/customers/me/ HTTP/1.1" 401 144
[2025-10-21 11:08:36,899] WARNING django.server (213) — "GET /api/customers/me/ HTTP/1.1" 401 144
[2025-10-21 11:08:37,218] WARNING django.server (213) — "POST /api/customers/refresh-token/ HTTP/1.1" 401 144
[2025-10-21 11:08:37,223] WARNING django.server (213) — "POST /api/customers/refresh-token/ HTTP/1.1" 401 144
[2025-10-21 11:31:44,919] WARNING django.server (213) — "GET /api/customers/me/ HTTP/1.1" 401 144
[2025-10-21 11:31:44,929] WARNING django.server (213) — "POST /api/customers/refresh-token/ HTTP/1.1" 401 144
[2025-10-21 11:31:44,929] WARNING django.server (213) — "GET /api/customers/me/ HTTP/1.1" 401 144
[2025-10-21 11:31:44,935] WARNING django.server (213) — "POST /api/customers/refresh-token/ HTTP/1.1" 401 144
[2025-10-21 11:35:55,867] WARNING django.server (213) — "GET /api/customers/me/ HTTP/1.1" 401 144
[2025-10-21 11:35:55,870] WARNING django.server (213) — "GET /api/customers/me/ HTTP/1.1" 401 144
[2025-10-21 11:35:55,877] WARNING django.server (213) — "POST /api/customers/refresh-token/ HTTP/1.1" 401 144
[2025-10-21 11:35:55,877] WARNING django.server (213) — "POST /api/customers/refresh-token/ HTTP/1.1" 401 144
[2025-10-21 11:38:27,629] WARNING django.server (213) — "GET /api/customers/me/ HTTP/1.1" 401 144
[2025-10-21 11:38:27,633] WARNING django.server (213) — "GET /api/customers/me/ HTTP/1.1" 401 144
[2025-10-21 11:38:27,638] WARNING django.server (213) — "POST /api/customers/refresh-token/ HTTP/1.1" 401 144
[2025-10-21 11:38:27,638] WARNING django.server (213) — "POST /api/customers/refresh-token/ HTTP/1.1" 401 144
[2025-10-21 11:42:50,949] WARNING django.server (213) — "GET /api/books/?category=&order=&page=1 HTTP/1.1" 401 144
[2025-10-21 11:42:50,949] WARNING django.server (213) — "GET /api/customers/me/ HTTP/1.1" 401 144
[2025-10-21 11:42:50,954] WARNING django.server (213) — "GET /api/customers/me/ HTTP/1.1" 401 144
[2025-10-21 11:42:50,954] WARNING django.server (213) — "GET /api/books/?category=&order=&page=1 HTTP/1.1" 401 144
[2025-10-21 11:42:50,973] WARNING django.server (213) — "POST /api/customers/refresh-token/ HTTP/1.1" 401 144
[2025-10-21 11:42:50,977] WARNING django.server (213) — "POST /api/customers/refresh-token/ HTTP/1.1" 401 144
[2025-10-21 11:42:50,985] WARNING django.server (213) — "POST /api/customers/refresh-token/ HTTP/1.1" 401 144
[2025-10-21 11:42:50,990] WARNING django.server (213) — "POST /api/customers/refresh-token/ HTTP/1.1" 401 144
[2025-10-21 11:45:40,186] WARNING django.server (213) — "GET /api/customers/me/ HTTP/1.1" 401 144
[2025-10-21 11:45:40,191] WARNING django.server (213) — "GET /api/customers/me/ HTTP/1.1" 401 144
[2025-10-21 11:45:40,192] WARNING django.server (213) — "POST /api/customers/refresh-token/ HTTP/1.1" 401 144
[2025-10-21 11:45:40,197] WARNING django.server (213) — "POST /api/customers/refresh-token/ HTTP/1.1" 401 144
[2025-10-21 13:31:14,792] WARNING django.server (213) — "GET /favicon.ico HTTP/1.1" 404 4055
[2025-10-21 13:50:54,727] WARNING django.server (213) — "GET /api/customers/me/ HTTP/1.1" 401 144
[2025-10-21 13:50:54,730] WARNING django.server (213) — "GET /api/customers/me/ HTTP/1.1" 401 144
[2025-10-21 13:50:54,735] WARNING django.server (213) — "POST /api/customers/refresh-token/ HTTP/1.1" 401 144
[2025-10-21 13:50:54,738] WARNING django.server (213) — "POST /api/customers/refresh-token/ HTTP/1.1" 401 144
[2025-10-21 13:55:22,529] WARNING django.server (213) — "GET /api/customers/me/ HTTP/1.1" 401 144
[2025-10-21 13:55:22,535] WARNING django.server (213) — "GET /api/customers/me/ HTTP/1.1" 401 144
[2025-10-21 13:55:22,543] WARNING django.server (213) — "POST /api/customers/refresh-token/ HTTP/1.1" 401 144
[2025-10-21 13:55:22,544] WARNING django.server (213) — "POST /api/customers/refresh-token/ HTTP/1.1" 401 144
[2025-10-21 13:56:26,086] WARNING django.server (213) — "POST /api/customers/logout/ HTTP/1.1" 401 144
[2025-10-21 13:56:28,243] WARNING django.server (213) — "POST /api/customers/logout/ HTTP/1.1" 401 144
[2025-10-21 13:57:01,304] WARNING django.server (213) — "POST /api/customers/logout/ HTTP/1.1" 400 54
[2025-10-21 13:57:05,651] WARNING django.server (213) — "POST /api/customers/logout/ HTTP/1.1" 400 54
[2025-10-21 13:57:07,431] WARNING django.server (213) — "POST /api/customers/logout/ HTTP/1.1" 400 54
[2025-10-21 13:57:09,043] WARNING django.server (213) — "POST /api/customers/logout/ HTTP/1.1" 400 54
[2025-10-21 13:57:09,740] WARNING django.server (213) — "POST /api/customers/logout/ HTTP/1.1" 400 54
[2025-10-21 14:45:25,262] WARNING django.server (213) — "GET /favicon.ico HTTP/1.1" 404 4055
[2025-10-22 08:36:21,642] WARNING django.server (213) — "GET /favicon.ico HTTP/1.1" 404 4055
[2025-10-22 08:38:12,418] WARNING django.server (213) — "POST /api/customers/logout/ HTTP/1.1" 400 54
[2025-10-22 08:39:28,212] WARNING django.server (213) — "POST /api/customers/logout/ HTTP/1.1" 400 54
[2025-10-22 08:42:20,322] WARNING django.server (213) — "GET /api/customers/me/ HTTP/1.1" 401 144
[2025-10-22 08:42:20,337] WARNING django.server (213) — "GET /api/customers/me/ HTTP/1.1" 401 144
[2025-10-22 08:42:20,644] WARNING django.server (213) — "POST /api/customers/refresh-token/ HTTP/1.1" 401 144
[2025-10-22 08:42:20,651] WARNING django.server (213) — "POST /api/customers/refresh-token/ HTTP/1.1" 401 144
[2025-10-22 08:43:19,153] WARNING django.server (213) — "POST /api/customers/logout/ HTTP/1.1" 401 129
[2025-10-22 08:43:19,166] WARNING django.server (213) — "POST /api/customers/refresh-token/ HTTP/1.1" 400 63
[2025-10-22 08:52:27,200] WARNING django.server (213) — "GET /favicon.ico HTTP/1.1" 404 4055
[2025-10-22 08:52:56,434] WARNING django.server (213) — "GET /favicon.ico HTTP/1.1" 404 4055
[2025-10-22 08:53:10,380] WARNING django.server (213) — "GET /favicon.ico HTTP/1.1" 404 4055
[2025-10-22 08:53:43,352] WARNING django.server (213) — "GET /favicon.ico HTTP/1.1" 404 4055
[2025-10-22 09:49:19,135] WARNING django.server (213) — "GET /favicon.ico HTTP/1.1" 404 4055
[2025-10-22 09:51:22,588] WARNING django.server (213) — "GET /api/books/?category=&order=&page=1 HTTP/1.1" 401 144
[2025-10-22 09:51:22,593] WARNING django.server (213) — "GET /api/books/?category=&order=&page=1 HTTP/1.1" 401 144
[2025-10-22 09:51:22,603] WARNING django.server (213) — "POST /api/customers/refresh-token/ HTTP/1.1" 401 144
[2025-10-22 09:51:22,603] WARNING django.server (213) — "POST /api/customers/refresh-token/ HTTP/1.1" 401 144
[2025-10-22 09:53:58,690] WARNING django.server (213) — "POST /api/customers/logout/ HTTP/1.1" 401 129
[2025-10-22 09:55:27,525] WARNING django.server (213) — "GET /api/customers/logout/ HTTP/1.1" 401 3833
[2025-10-22 09:55:27,879] WARNING django.server (213) — "GET /favicon.ico HTTP/1.1" 404 4055
[2025-10-22 09:58:33,651] WARNING django.server (213) — "GET /api/customers/me/ HTTP/1.1" 401 144
[2025-10-22 09:58:33,656] WARNING django.server (213) — "GET /api/customers/me/ HTTP/1.1" 401 144
[2025-10-22 09:58:33,664] WARNING django.server (213) — "POST /api/customers/refresh-token/ HTTP/1.1" 401 144
[2025-10-22 09:58:33,665] WARNING django.server (213) — "POST /api/customers/refresh-token/ HTTP/1.1" 401 144
[2025-10-22 09:58:44,841] WARNING django.server (213) — "POST /api/customers/logout/ HTTP/1.1" 401 129
[2025-10-22 10:02:47,009] WARNING django.server (213) — "GET /api/customers/me/ HTTP/1.1" 401 144
[2025-10-22 10:02:47,012] WARNING django.server (213) — "GET /api/customers/me/ HTTP/1.1" 401 144
[2025-10-22 10:02:47,019] WARNING django.server (213) — "POST /api/customers/refresh-token/ HTTP/1.1" 401 144
[2025-10-22 10:02:47,020] WARNING django.server (213) — "POST /api/customers/refresh-token/ HTTP/1.1" 401 144
[2025-10-22 10:13:30,910] WARNING django.server (213) — "GET /api/customers/me/ HTTP/1.1" 401 144
[2025-10-22 10:13:30,916] WARNING django.server (213) — "GET /api/customers/me/ HTTP/1.1" 401 144
[2025-10-22 10:14:35,352] WARNING django.server (213) — "GET /api/books/?category=&order=&page=1 HTTP/1.1" 401 144
[2025-10-22 10:14:35,356] WARNING django.server (213) — "GET /api/books/?category=&order=&page=1 HTTP/1.1" 401 144
[2025-10-22 10:15:54,244] WARNING django.server (213) — "GET /api/customers/me/ HTTP/1.1" 401 144
[2025-10-22 10:15:54,244] WARNING django.server (213) — "GET /api/books/?category=&order=&page=1 HTTP/1.1" 401 144
[2025-10-22 10:15:54,253] WARNING django.server (213) — "GET /api/books/?category=&order=&page=1 HTTP/1.1" 401 144
[2025-10-22 10:15:54,253] WARNING django.server (213) — "GET /api/customers/me/ HTTP/1.1" 401 144
[2025-10-22 10:17:00,329] WARNING django.server (213) — "GET /api/books/?category=&order=&page=1 HTTP/1.1" 401 144
[2025-10-22 14:28:41,036] WARNING django.server (213) — "GET /favicon.ico HTTP/1.1" 404 4055
[2025-10-22 14:37:41,975] WARNING django.server (213) — "POST /api/customers/logout/ HTTP/1.1" 401 129
[2025-10-22 14:40:48,311] WARNING django.server (213) — "POST /api/customers/logout/ HTTP/1.1" 401 129
[2025-10-22 14:51:18,519] WARNING django.server (213) — "GET /api/customers/me/ HTTP/1.1" 401 144
[2025-10-22 14:51:18,529] WARNING django.server (213) — "GET /api/customers/me/ HTTP/1.1" 401 144
[2025-10-22 14:51:18,899] WARNING django.server (213) — "POST /api/customers/refresh-token/ HTTP/1.1" 400 63
[2025-10-22 14:51:18,901] WARNING django.server (213) — "POST /api/customers/refresh-token/ HTTP/1.1" 400 63
[2025-10-22 14:51:53,524] WARNING django.server (213) — "POST /api/customers/logout/ HTTP/1.1" 400 54
[2025-10-22 14:53:15,560] WARNING django.server (213) — "GET /api/customers/me/ HTTP/1.1" 401 144
[2025-10-22 14:53:15,565] WARNING django.server (213) — "GET /api/customers/me/ HTTP/1.1" 401 144
[2025-10-22 14:53:15,588] WARNING django.server (213) — "POST /api/customers/refresh-token/ HTTP/1.1" 400 63
[2025-10-22 14:53:15,591] WARNING django.server (213) — "POST /api/customers/refresh-token/ HTTP/1.1" 400 63
[2025-10-22 14:58:25,674] WARNING django.server (213) — "GET /api/customers/me/ HTTP/1.1" 401 144
[2025-10-22 14:58:25,682] WARNING django.server (213) — "GET /api/customers/me/ HTTP/1.1" 401 144
[2025-10-22 14:58:26,002] WARNING django.server (213) — "POST /api/customers/refresh-token/ HTTP/1.1" 400 63
[2025-10-22 14:58:26,014] WARNING django.server (213) — "POST /api/customers/refresh-token/ HTTP/1.1" 400 63
[2025-10-22 14:58:39,660] WARNING django.server (213) — "POST /api/customers/logout/ HTTP/1.1" 401 129
[2025-10-22 14:58:39,671] WARNING django.server (213) — "POST /api/customers/refresh-token/ HTTP/1.1" 400 63
[2025-10-22 15:16:13,517] WARNING django.server (213) — "GET /api/customers/me/ HTTP/1.1" 401 144
[2025-10-22 15:16:13,527] WARNING django.server (213) — "GET /api/customers/me/ HTTP/1.1" 401 144
[2025-10-22 15:32:26,126] WARNING django.server (213) — "GET /api/customers/me/ HTTP/1.1" 401 144
[2025-10-22 15:32:26,146] WARNING django.server (213) — "GET /api/customers/me/ HTTP/1.1" 401 144
[2025-10-22 15:33:28,666] WARNING django.server (213) — "GET /api/customers/me/ HTTP/1.1" 401 144
[2025-10-22 15:33:28,671] WARNING django.server (213) — "GET /api/customers/me/ HTTP/1.1" 401 144
