[ERROR] 2025-10-15 16:59:40,284 django.request Internal Server Error: /api/carts/add/332
[ERROR] 2025-10-15 16:59:40,285 django.server "POST /api/carts/add/332 HTTP/1.1" 500 104
[ERROR] 2025-10-15 16:59:54,679 django.request Internal Server Error: /api/carts/add/332
[ERROR] 2025-10-15 16:59:54,681 django.server "POST /api/carts/add/332 HTTP/1.1" 500 104
[ERROR] 2025-10-15 17:00:49,885 django.request Internal Server Error: /api/carts/add/332
[ERROR] 2025-10-15 17:00:49,887 django.server "POST /api/carts/add/332 HTTP/1.1" 500 104
[ERROR] 2025-10-16 08:38:24,363 django.request Internal Server Error: /api/carts/
Traceback (most recent call last):
  File "D:\bookstore\be_bookstore\venv\Lib\site-packages\django\core\handlers\exception.py", line 55, in inner
    response = get_response(request)
  File "D:\bookstore\be_bookstore\venv\Lib\site-packages\django\core\handlers\base.py", line 220, in _get_response
    response = response.render()
  File "D:\bookstore\be_bookstore\venv\Lib\site-packages\django\template\response.py", line 114, in render
    self.content = self.rendered_content
                   ^^^^^^^^^^^^^^^^^^^^^
  File "D:\bookstore\be_bookstore\venv\Lib\site-packages\rest_framework\response.py", line 74, in rendered_content
    ret = renderer.render(self.data, accepted_media_type, context)
  File "D:\bookstore\be_bookstore\venv\Lib\site-packages\rest_framework\renderers.py", line 100, in render
    ret = json.dumps(
        data, cls=self.encoder_class,
        indent=indent, ensure_ascii=self.ensure_ascii,
        allow_nan=not self.strict, separators=separators
    )
  File "D:\bookstore\be_bookstore\venv\Lib\site-packages\rest_framework\utils\json.py", line 25, in dumps
    return json.dumps(*args, **kwargs)
           ~~~~~~~~~~^^^^^^^^^^^^^^^^^
  File "E:\Python\Lib\json\__init__.py", line 238, in dumps
    **kw).encode(obj)
          ~~~~~~^^^^^
  File "E:\Python\Lib\json\encoder.py", line 200, in encode
    chunks = self.iterencode(o, _one_shot=True)
  File "E:\Python\Lib\json\encoder.py", line 261, in iterencode
    return _iterencode(o, 0)
  File "D:\bookstore\be_bookstore\venv\Lib\site-packages\rest_framework\utils\encoders.py", line 52, in default
    return obj.decode()
           ~~~~~~~~~~^^
UnicodeDecodeError: 'utf-8' codec can't decode byte 0xff in position 0: invalid start byte
[ERROR] 2025-10-16 08:38:24,501 django.server "GET /api/carts/ HTTP/1.1" 500 141822
[ERROR] 2025-10-16 09:31:23,919 django.request Internal Server Error: /api/carts/add/1/
[ERROR] 2025-10-16 09:31:23,922 django.server "POST /api/carts/add/1/ HTTP/1.1" 500 209
[ERROR] 2025-10-16 09:32:30,629 django.request Internal Server Error: /api/carts/add/1/
[ERROR] 2025-10-16 09:32:30,631 django.server "POST /api/carts/add/1/ HTTP/1.1" 500 79
[ERROR] 2025-10-16 09:32:32,636 django.request Internal Server Error: /api/carts/add/1/
[ERROR] 2025-10-16 09:32:32,637 django.server "POST /api/carts/add/1/ HTTP/1.1" 500 79
[ERROR] 2025-10-16 09:32:34,052 django.request Internal Server Error: /api/carts/add/1/
[ERROR] 2025-10-16 09:32:34,053 django.server "POST /api/carts/add/1/ HTTP/1.1" 500 79
[ERROR] 2025-10-16 13:30:29,242 django.request Internal Server Error: /vi/admin/order/order/
Traceback (most recent call last):
  File "D:\bookstore\be_bookstore\venv\Lib\site-packages\django\core\handlers\exception.py", line 55, in inner
    response = get_response(request)
  File "D:\bookstore\be_bookstore\venv\Lib\site-packages\django\core\handlers\base.py", line 220, in _get_response
    response = response.render()
  File "D:\bookstore\be_bookstore\venv\Lib\site-packages\django\template\response.py", line 114, in render
    self.content = self.rendered_content
                   ^^^^^^^^^^^^^^^^^^^^^
  File "D:\bookstore\be_bookstore\venv\Lib\site-packages\django\template\response.py", line 92, in rendered_content
    return template.render(context, self._request)
           ~~~~~~~~~~~~~~~^^^^^^^^^^^^^^^^^^^^^^^^
  File "D:\bookstore\be_bookstore\venv\Lib\site-packages\django\template\backends\django.py", line 107, in render
    return self.template.render(context)
           ~~~~~~~~~~~~~~~~~~~~^^^^^^^^^
  File "D:\bookstore\be_bookstore\venv\Lib\site-packages\django\template\base.py", line 171, in render
    return self._render(context)
           ~~~~~~~~~~~~^^^^^^^^^
  File "D:\bookstore\be_bookstore\venv\Lib\site-packages\django\test\utils.py", line 114, in instrumented_test_render
    return self.nodelist.render(context)
           ~~~~~~~~~~~~~~~~~~~~^^^^^^^^^
  File "D:\bookstore\be_bookstore\venv\Lib\site-packages\django\template\base.py", line 1016, in render
    return SafeString("".join([node.render_annotated(context) for node in self]))
                               ~~~~~~~~~~~~~~~~~~~~~^^^^^^^^^
  File "D:\bookstore\be_bookstore\venv\Lib\site-packages\django\template\base.py", line 977, in render_annotated
    return self.render(context)
           ~~~~~~~~~~~^^^^^^^^^
  File "D:\bookstore\be_bookstore\venv\Lib\site-packages\django\template\loader_tags.py", line 159, in render
    return compiled_parent._render(context)
           ~~~~~~~~~~~~~~~~~~~~~~~^^^^^^^^^
  File "D:\bookstore\be_bookstore\venv\Lib\site-packages\django\test\utils.py", line 114, in instrumented_test_render
    return self.nodelist.render(context)
           ~~~~~~~~~~~~~~~~~~~~^^^^^^^^^
  File "D:\bookstore\be_bookstore\venv\Lib\site-packages\django\template\base.py", line 1016, in render
    return SafeString("".join([node.render_annotated(context) for node in self]))
                               ~~~~~~~~~~~~~~~~~~~~~^^^^^^^^^
  File "D:\bookstore\be_bookstore\venv\Lib\site-packages\django\template\base.py", line 977, in render_annotated
    return self.render(context)
           ~~~~~~~~~~~^^^^^^^^^
  File "D:\bookstore\be_bookstore\venv\Lib\site-packages\django\template\loader_tags.py", line 159, in render
    return compiled_parent._render(context)
           ~~~~~~~~~~~~~~~~~~~~~~~^^^^^^^^^
  File "D:\bookstore\be_bookstore\venv\Lib\site-packages\django\test\utils.py", line 114, in instrumented_test_render
    return self.nodelist.render(context)
           ~~~~~~~~~~~~~~~~~~~~^^^^^^^^^
  File "D:\bookstore\be_bookstore\venv\Lib\site-packages\django\template\base.py", line 1016, in render
    return SafeString("".join([node.render_annotated(context) for node in self]))
                               ~~~~~~~~~~~~~~~~~~~~~^^^^^^^^^
  File "D:\bookstore\be_bookstore\venv\Lib\site-packages\django\template\base.py", line 977, in render_annotated
    return self.render(context)
           ~~~~~~~~~~~^^^^^^^^^
  File "D:\bookstore\be_bookstore\venv\Lib\site-packages\django\template\loader_tags.py", line 65, in render
    result = block.nodelist.render(context)
  File "D:\bookstore\be_bookstore\venv\Lib\site-packages\django\template\base.py", line 1016, in render
    return SafeString("".join([node.render_annotated(context) for node in self]))
                               ~~~~~~~~~~~~~~~~~~~~~^^^^^^^^^
  File "D:\bookstore\be_bookstore\venv\Lib\site-packages\django\template\base.py", line 977, in render_annotated
    return self.render(context)
           ~~~~~~~~~~~^^^^^^^^^
  File "D:\bookstore\be_bookstore\venv\Lib\site-packages\django\template\loader_tags.py", line 65, in render
    result = block.nodelist.render(context)
  File "D:\bookstore\be_bookstore\venv\Lib\site-packages\django\template\base.py", line 1016, in render
    return SafeString("".join([node.render_annotated(context) for node in self]))
                               ~~~~~~~~~~~~~~~~~~~~~^^^^^^^^^
  File "D:\bookstore\be_bookstore\venv\Lib\site-packages\django\template\base.py", line 977, in render_annotated
    return self.render(context)
           ~~~~~~~~~~~^^^^^^^^^
  File "D:\bookstore\be_bookstore\venv\Lib\site-packages\django\template\loader_tags.py", line 65, in render
    result = block.nodelist.render(context)
  File "D:\bookstore\be_bookstore\venv\Lib\site-packages\django\template\base.py", line 1016, in render
    return SafeString("".join([node.render_annotated(context) for node in self]))
                               ~~~~~~~~~~~~~~~~~~~~~^^^^^^^^^
  File "D:\bookstore\be_bookstore\venv\Lib\site-packages\django\template\base.py", line 977, in render_annotated
    return self.render(context)
           ~~~~~~~~~~~^^^^^^^^^
  File "D:\bookstore\be_bookstore\venv\Lib\site-packages\django\template\defaulttags.py", line 327, in render
    return nodelist.render(context)
           ~~~~~~~~~~~~~~~^^^^^^^^^
  File "D:\bookstore\be_bookstore\venv\Lib\site-packages\django\template\base.py", line 1016, in render
    return SafeString("".join([node.render_annotated(context) for node in self]))
                               ~~~~~~~~~~~~~~~~~~~~~^^^^^^^^^
  File "D:\bookstore\be_bookstore\venv\Lib\site-packages\django\template\base.py", line 977, in render_annotated
    return self.render(context)
           ~~~~~~~~~~~^^^^^^^^^
  File "D:\bookstore\be_bookstore\venv\Lib\site-packages\django\contrib\admin\templatetags\base.py", line 45, in render
    return super().render(context)
           ~~~~~~~~~~~~~~^^^^^^^^^
  File "D:\bookstore\be_bookstore\venv\Lib\site-packages\django\template\library.py", line 359, in render
    _dict = self.func(*resolved_args, **resolved_kwargs)
  File "D:\bookstore\be_bookstore\venv\Lib\site-packages\django\contrib\admin\templatetags\admin_list.py", line 438, in date_hierarchy
    for day in days
               ^^^^
  File "D:\bookstore\be_bookstore\venv\Lib\site-packages\django\db\models\query.py", line 384, in __iter__
    self._fetch_all()
    ~~~~~~~~~~~~~~~^^
  File "D:\bookstore\be_bookstore\venv\Lib\site-packages\django\db\models\query.py", line 1949, in _fetch_all
    self._result_cache = list(self._iterable_class(self))
                         ~~~~^^^^^^^^^^^^^^^^^^^^^^^^^^^^
  File "D:\bookstore\be_bookstore\venv\Lib\site-packages\django\db\models\query.py", line 271, in __iter__
    for row in compiler.results_iter(
               ~~~~~~~~~~~~~~~~~~~~~^
        chunked_fetch=self.chunked_fetch, chunk_size=self.chunk_size
        ^^^^^^^^^^^^^^^^^^^^^^^^^^^^^^^^^^^^^^^^^^^^^^^^^^^^^^^^^^^^
    ):
    ^
  File "D:\bookstore\be_bookstore\venv\Lib\site-packages\django\db\models\sql\compiler.py", line 1541, in apply_converters
    value = converter(value, expression, connection)
  File "D:\bookstore\be_bookstore\venv\Lib\site-packages\django\db\models\functions\datetime.py", line 353, in convert_value
    raise ValueError(
    ...<2 lines>...
    )
ValueError: Database returned an invalid datetime value. Are time zone definitions for your database installed?
[ERROR] 2025-10-16 13:30:29,511 django.server "GET /vi/admin/order/order/ HTTP/1.1" 500 465448
[ERROR] 2025-10-16 13:30:52,004 django.request Internal Server Error: /vi/admin/order/order/
Traceback (most recent call last):
  File "D:\bookstore\be_bookstore\venv\Lib\site-packages\django\core\handlers\exception.py", line 55, in inner
    response = get_response(request)
  File "D:\bookstore\be_bookstore\venv\Lib\site-packages\django\core\handlers\base.py", line 220, in _get_response
    response = response.render()
  File "D:\bookstore\be_bookstore\venv\Lib\site-packages\django\template\response.py", line 114, in render
    self.content = self.rendered_content
                   ^^^^^^^^^^^^^^^^^^^^^
  File "D:\bookstore\be_bookstore\venv\Lib\site-packages\django\template\response.py", line 92, in rendered_content
    return template.render(context, self._request)
           ~~~~~~~~~~~~~~~^^^^^^^^^^^^^^^^^^^^^^^^
  File "D:\bookstore\be_bookstore\venv\Lib\site-packages\django\template\backends\django.py", line 107, in render
    return self.template.render(context)
           ~~~~~~~~~~~~~~~~~~~~^^^^^^^^^
  File "D:\bookstore\be_bookstore\venv\Lib\site-packages\django\template\base.py", line 171, in render
    return self._render(context)
           ~~~~~~~~~~~~^^^^^^^^^
  File "D:\bookstore\be_bookstore\venv\Lib\site-packages\django\test\utils.py", line 114, in instrumented_test_render
    return self.nodelist.render(context)
           ~~~~~~~~~~~~~~~~~~~~^^^^^^^^^
  File "D:\bookstore\be_bookstore\venv\Lib\site-packages\django\template\base.py", line 1016, in render
    return SafeString("".join([node.render_annotated(context) for node in self]))
                               ~~~~~~~~~~~~~~~~~~~~~^^^^^^^^^
  File "D:\bookstore\be_bookstore\venv\Lib\site-packages\django\template\base.py", line 977, in render_annotated
    return self.render(context)
           ~~~~~~~~~~~^^^^^^^^^
  File "D:\bookstore\be_bookstore\venv\Lib\site-packages\django\template\loader_tags.py", line 159, in render
    return compiled_parent._render(context)
           ~~~~~~~~~~~~~~~~~~~~~~~^^^^^^^^^
  File "D:\bookstore\be_bookstore\venv\Lib\site-packages\django\test\utils.py", line 114, in instrumented_test_render
    return self.nodelist.render(context)
           ~~~~~~~~~~~~~~~~~~~~^^^^^^^^^
  File "D:\bookstore\be_bookstore\venv\Lib\site-packages\django\template\base.py", line 1016, in render
    return SafeString("".join([node.render_annotated(context) for node in self]))
                               ~~~~~~~~~~~~~~~~~~~~~^^^^^^^^^
  File "D:\bookstore\be_bookstore\venv\Lib\site-packages\django\template\base.py", line 977, in render_annotated
    return self.render(context)
           ~~~~~~~~~~~^^^^^^^^^
  File "D:\bookstore\be_bookstore\venv\Lib\site-packages\django\template\loader_tags.py", line 159, in render
    return compiled_parent._render(context)
           ~~~~~~~~~~~~~~~~~~~~~~~^^^^^^^^^
  File "D:\bookstore\be_bookstore\venv\Lib\site-packages\django\test\utils.py", line 114, in instrumented_test_render
    return self.nodelist.render(context)
           ~~~~~~~~~~~~~~~~~~~~^^^^^^^^^
  File "D:\bookstore\be_bookstore\venv\Lib\site-packages\django\template\base.py", line 1016, in render
    return SafeString("".join([node.render_annotated(context) for node in self]))
                               ~~~~~~~~~~~~~~~~~~~~~^^^^^^^^^
  File "D:\bookstore\be_bookstore\venv\Lib\site-packages\django\template\base.py", line 977, in render_annotated
    return self.render(context)
           ~~~~~~~~~~~^^^^^^^^^
  File "D:\bookstore\be_bookstore\venv\Lib\site-packages\django\template\loader_tags.py", line 65, in render
    result = block.nodelist.render(context)
  File "D:\bookstore\be_bookstore\venv\Lib\site-packages\django\template\base.py", line 1016, in render
    return SafeString("".join([node.render_annotated(context) for node in self]))
                               ~~~~~~~~~~~~~~~~~~~~~^^^^^^^^^
  File "D:\bookstore\be_bookstore\venv\Lib\site-packages\django\template\base.py", line 977, in render_annotated
    return self.render(context)
           ~~~~~~~~~~~^^^^^^^^^
  File "D:\bookstore\be_bookstore\venv\Lib\site-packages\django\template\loader_tags.py", line 65, in render
    result = block.nodelist.render(context)
  File "D:\bookstore\be_bookstore\venv\Lib\site-packages\django\template\base.py", line 1016, in render
    return SafeString("".join([node.render_annotated(context) for node in self]))
                               ~~~~~~~~~~~~~~~~~~~~~^^^^^^^^^
  File "D:\bookstore\be_bookstore\venv\Lib\site-packages\django\template\base.py", line 977, in render_annotated
    return self.render(context)
           ~~~~~~~~~~~^^^^^^^^^
  File "D:\bookstore\be_bookstore\venv\Lib\site-packages\django\template\loader_tags.py", line 65, in render
    result = block.nodelist.render(context)
  File "D:\bookstore\be_bookstore\venv\Lib\site-packages\django\template\base.py", line 1016, in render
    return SafeString("".join([node.render_annotated(context) for node in self]))
                               ~~~~~~~~~~~~~~~~~~~~~^^^^^^^^^
  File "D:\bookstore\be_bookstore\venv\Lib\site-packages\django\template\base.py", line 977, in render_annotated
    return self.render(context)
           ~~~~~~~~~~~^^^^^^^^^
  File "D:\bookstore\be_bookstore\venv\Lib\site-packages\django\template\defaulttags.py", line 327, in render
    return nodelist.render(context)
           ~~~~~~~~~~~~~~~^^^^^^^^^
  File "D:\bookstore\be_bookstore\venv\Lib\site-packages\django\template\base.py", line 1016, in render
    return SafeString("".join([node.render_annotated(context) for node in self]))
                               ~~~~~~~~~~~~~~~~~~~~~^^^^^^^^^
  File "D:\bookstore\be_bookstore\venv\Lib\site-packages\django\template\base.py", line 977, in render_annotated
    return self.render(context)
           ~~~~~~~~~~~^^^^^^^^^
  File "D:\bookstore\be_bookstore\venv\Lib\site-packages\django\contrib\admin\templatetags\base.py", line 45, in render
    return super().render(context)
           ~~~~~~~~~~~~~~^^^^^^^^^
  File "D:\bookstore\be_bookstore\venv\Lib\site-packages\django\template\library.py", line 359, in render
    _dict = self.func(*resolved_args, **resolved_kwargs)
  File "D:\bookstore\be_bookstore\venv\Lib\site-packages\django\contrib\admin\templatetags\admin_list.py", line 438, in date_hierarchy
    for day in days
               ^^^^
  File "D:\bookstore\be_bookstore\venv\Lib\site-packages\django\db\models\query.py", line 384, in __iter__
    self._fetch_all()
    ~~~~~~~~~~~~~~~^^
  File "D:\bookstore\be_bookstore\venv\Lib\site-packages\django\db\models\query.py", line 1949, in _fetch_all
    self._result_cache = list(self._iterable_class(self))
                         ~~~~^^^^^^^^^^^^^^^^^^^^^^^^^^^^
  File "D:\bookstore\be_bookstore\venv\Lib\site-packages\django\db\models\query.py", line 271, in __iter__
    for row in compiler.results_iter(
               ~~~~~~~~~~~~~~~~~~~~~^
        chunked_fetch=self.chunked_fetch, chunk_size=self.chunk_size
        ^^^^^^^^^^^^^^^^^^^^^^^^^^^^^^^^^^^^^^^^^^^^^^^^^^^^^^^^^^^^
    ):
    ^
  File "D:\bookstore\be_bookstore\venv\Lib\site-packages\django\db\models\sql\compiler.py", line 1541, in apply_converters
    value = converter(value, expression, connection)
  File "D:\bookstore\be_bookstore\venv\Lib\site-packages\django\db\models\functions\datetime.py", line 353, in convert_value
    raise ValueError(
    ...<2 lines>...
    )
ValueError: Database returned an invalid datetime value. Are time zone definitions for your database installed?
[ERROR] 2025-10-16 13:30:52,258 django.server "GET /vi/admin/order/order/ HTTP/1.1" 500 465473
[ERROR] 2025-10-16 14:30:52,805 django.request Internal Server Error: /api/payments/vnqr/ewq
Traceback (most recent call last):
  File "D:\bookstore\be_bookstore\venv\Lib\site-packages\django\core\handlers\exception.py", line 55, in inner
    response = get_response(request)
  File "D:\bookstore\be_bookstore\venv\Lib\site-packages\django\utils\deprecation.py", line 122, in __call__
    response = self.process_response(request, response)
  File "D:\bookstore\be_bookstore\venv\Lib\site-packages\django\middleware\common.py", line 108, in process_response
    return self.response_redirect_class(self.get_full_path_with_slash(request))
                                        ~~~~~~~~~~~~~~~~~~~~~~~~~~~~~^^^^^^^^^
  File "D:\bookstore\be_bookstore\venv\Lib\site-packages\django\middleware\common.py", line 87, in get_full_path_with_slash
    raise RuntimeError(
    ...<9 lines>...
    )
RuntimeError: You called this URL via POST, but the URL doesn't end in a slash and you have APPEND_SLASH set. Django can't redirect to the slash URL while maintaining POST data. Change your form to point to 127.0.0.1:8000/api/payments/vnqr/ewq/ (note the trailing slash), or set APPEND_SLASH=False in your Django settings.
[ERROR] 2025-10-16 14:30:52,810 django.server "POST /api/payments/vnqr/ewq HTTP/1.1" 500 81463
[ERROR] 2025-10-16 14:31:18,435 django.request Internal Server Error: /api/payments/vnqr/ODVVN9GWZI
Traceback (most recent call last):
  File "D:\bookstore\be_bookstore\venv\Lib\site-packages\django\core\handlers\exception.py", line 55, in inner
    response = get_response(request)
  File "D:\bookstore\be_bookstore\venv\Lib\site-packages\django\utils\deprecation.py", line 122, in __call__
    response = self.process_response(request, response)
  File "D:\bookstore\be_bookstore\venv\Lib\site-packages\django\middleware\common.py", line 108, in process_response
    return self.response_redirect_class(self.get_full_path_with_slash(request))
                                        ~~~~~~~~~~~~~~~~~~~~~~~~~~~~~^^^^^^^^^
  File "D:\bookstore\be_bookstore\venv\Lib\site-packages\django\middleware\common.py", line 87, in get_full_path_with_slash
    raise RuntimeError(
    ...<9 lines>...
    )
RuntimeError: You called this URL via POST, but the URL doesn't end in a slash and you have APPEND_SLASH set. Django can't redirect to the slash URL while maintaining POST data. Change your form to point to 127.0.0.1:8000/api/payments/vnqr/ODVVN9GWZI/ (note the trailing slash), or set APPEND_SLASH=False in your Django settings.
[ERROR] 2025-10-16 14:31:18,443 django.server "POST /api/payments/vnqr/ODVVN9GWZI HTTP/1.1" 500 81575
